0 verbose cli C:\Program Files\nodejs\node.exe C:\Program Files\nodejs\node_modules\npm\bin\npm-cli.js
1 info using npm@10.9.3
2 info using node@v22.19.0
3 silly config load:file:C:\Program Files\nodejs\node_modules\npm\npmrc
4 silly config load:file:C:\Users\NGUYEN MINH TRI\OneDrive\Desktop\CSPM\frontend\.npmrc
5 silly config load:file:C:\Users\NGUYEN MINH TRI\.npmrc
6 silly config load:file:C:\Users\NGUYEN MINH TRI\AppData\Roaming\npm\etc\npmrc
7 verbose title npm install
8 verbose argv "install" "--cache" ".npm-cache"
9 verbose logfile logs-max:10 dir:C:\Users\NGUYEN MINH TRI\OneDrive\Desktop\CSPM\frontend\.npm-cache\_logs\2026-03-25T16_57_59_061Z-
10 verbose logfile C:\Users\NGUYEN MINH TRI\OneDrive\Desktop\CSPM\frontend\.npm-cache\_logs\2026-03-25T16_57_59_061Z-debug-0.log
11 silly logfile done cleaning log files
12 silly packumentCache heap:4345298944 maxSize:1086324736 maxEntrySize:543162368
13 silly idealTree buildDeps
14 silly fetch manifest react@^18.3.1
15 silly packumentCache full:https://registry.npmjs.org/react cache-miss
16 http cache https://registry.npmjs.org/react 36ms (cache hit)
17 silly packumentCache full:https://registry.npmjs.org/react set size:6565280 disposed:false
18 silly fetch manifest react-dom@^18.3.1
19 silly packumentCache full:https://registry.npmjs.org/react-dom cache-miss
20 http cache https://registry.npmjs.org/react-dom 30ms (cache hit)
21 silly packumentCache full:https://registry.npmjs.org/react-dom set size:8722319 disposed:false
22 silly fetch manifest @vitejs/plugin-react@^4.3.4
23 silly packumentCache full:https://registry.npmjs.org/@vitejs%2fplugin-react cache-miss
24 http cache https://registry.npmjs.org/@vitejs%2fplugin-react 18ms (cache hit)
25 silly packumentCache full:https://registry.npmjs.org/@vitejs%2fplugin-react set size:264287 disposed:false
26 silly fetch manifest vite@^6.2.6
27 silly packumentCache full:https://registry.npmjs.org/vite cache-miss
28 http cache https://registry.npmjs.org/vite 99ms (cache hit)
29 silly packumentCache full:https://registry.npmjs.org/vite set size:38762548 disposed:false
30 silly fetch manifest @types/node@^18.0.0 || ^20.0.0 || >=22.0.0
31 silly packumentCache full:https://registry.npmjs.org/@types%2fnode cache-miss
32 http cache https://registry.npmjs.org/@types%2fnode 34ms (cache hit)
33 silly packumentCache full:https://registry.npmjs.org/@types%2fnode set size:10939971 disposed:false
34 silly fetch manifest jiti@>=1.21.0
35 silly packumentCache full:https://registry.npmjs.org/jiti cache-miss
36 http cache https://registry.npmjs.org/jiti 12ms (cache hit)
37 silly packumentCache full:https://registry.npmjs.org/jiti set size:382310 disposed:false
38 silly fetch manifest less@*
39 silly packumentCache full:https://registry.npmjs.org/less cache-miss
40 http cache https://registry.npmjs.org/less 10ms (cache hit)
41 silly packumentCache full:https://registry.npmjs.org/less set size:461684 disposed:false
42 silly fetch manifest lightningcss@^1.21.0
43 silly packumentCache full:https://registry.npmjs.org/lightningcss cache-miss
44 http cache https://registry.npmjs.org/lightningcss 9ms (cache hit)
45 silly packumentCache full:https://registry.npmjs.org/lightningcss set size:186753 disposed:false
46 silly fetch manifest sass@*
47 silly packumentCache full:https://registry.npmjs.org/sass cache-miss
48 http cache https://registry.npmjs.org/sass 11ms (cache hit)
49 silly packumentCache full:https://registry.npmjs.org/sass set size:724154 disposed:false
50 silly fetch manifest sass-embedded@*
51 silly packumentCache full:https://registry.npmjs.org/sass-embedded cache-miss
52 http cache https://registry.npmjs.org/sass-embedded 12ms (cache hit)
53 silly packumentCache full:https://registry.npmjs.org/sass-embedded set size:411496 disposed:false
54 silly fetch manifest stylus@*
55 silly packumentCache full:https://registry.npmjs.org/stylus cache-miss
56 http cache https://registry.npmjs.org/stylus 16ms (cache hit)
57 silly packumentCache full:https://registry.npmjs.org/stylus set size:286766 disposed:false
58 silly fetch manifest sugarss@*
59 silly packumentCache full:https://registry.npmjs.org/sugarss cache-miss
60 http cache https://registry.npmjs.org/sugarss 10ms (cache hit)
61 silly packumentCache full:https://registry.npmjs.org/sugarss set size:44975 disposed:false
62 silly fetch manifest postcss@^8.3.3
63 silly packumentCache full:https://registry.npmjs.org/postcss cache-miss
64 http cache https://registry.npmjs.org/postcss 11ms (cache hit)
65 silly packumentCache full:https://registry.npmjs.org/postcss set size:702266 disposed:false
66 silly fetch manifest terser@^5.16.0
67 silly packumentCache full:https://registry.npmjs.org/terser cache-miss
68 http cache https://registry.npmjs.org/terser 11ms (cache hit)
69 silly packumentCache full:https://registry.npmjs.org/terser set size:789927 disposed:false
70 silly fetch manifest tsx@^4.8.1
71 silly packumentCache full:https://registry.npmjs.org/tsx cache-miss
72 http cache https://registry.npmjs.org/tsx 17ms (cache hit)
73 silly packumentCache full:https://registry.npmjs.org/tsx set size:289592 disposed:false
74 silly fetch manifest yaml@^2.4.2
75 silly packumentCache full:https://registry.npmjs.org/yaml cache-miss
76 http cache https://registry.npmjs.org/yaml 10ms (cache hit)
77 silly packumentCache full:https://registry.npmjs.org/yaml set size:375230 disposed:false
78 silly placeDep ROOT @vitejs/plugin-react@4.7.0 OK for: cspm-frontend@0.1.0 want: ^4.3.4
79 silly placeDep ROOT vite@6.4.1 OK for: @vitejs/plugin-react@4.7.0 want: ^4.2.0 || ^5.0.0 || ^6.0.0 || ^7.0.0
80 silly placeDep ROOT react@18.3.1 OK for: cspm-frontend@0.1.0 want: ^18.3.1
81 silly placeDep ROOT react-dom@18.3.1 OK for: cspm-frontend@0.1.0 want: ^18.3.1
82 silly fetch manifest @babel/core@^7.28.0
83 silly packumentCache full:https://registry.npmjs.org/@babel%2fcore cache-miss
84 silly fetch manifest react-refresh@^0.17.0
85 silly packumentCache full:https://registry.npmjs.org/react-refresh cache-miss
86 silly fetch manifest @types/babel__core@^7.20.5
87 silly packumentCache full:https://registry.npmjs.org/@types%2fbabel__core cache-miss
88 silly fetch manifest @rolldown/pluginutils@1.0.0-beta.27
89 silly packumentCache full:https://registry.npmjs.org/@rolldown%2fpluginutils cache-miss
90 silly fetch manifest @babel/plugin-transform-react-jsx-self@^7.27.1
91 silly packumentCache full:https://registry.npmjs.org/@babel%2fplugin-transform-react-jsx-self cache-miss
92 silly fetch manifest @babel/plugin-transform-react-jsx-source@^7.27.1
93 silly packumentCache full:https://registry.npmjs.org/@babel%2fplugin-transform-react-jsx-source cache-miss
94 silly fetch manifest fdir@^6.4.4
95 silly packumentCache full:https://registry.npmjs.org/fdir cache-miss
96 silly fetch manifest rollup@^4.34.9
97 silly packumentCache full:https://registry.npmjs.org/rollup cache-miss
98 silly fetch manifest esbuild@^0.25.0
99 silly packumentCache full:https://registry.npmjs.org/esbuild cache-miss
100 silly fetch manifest postcss@^8.5.3
101 silly packumentCache full:https://registry.npmjs.org/postcss cache-hit
102 silly fetch manifest picomatch@^4.0.2
103 silly packumentCache full:https://registry.npmjs.org/picomatch cache-miss
104 silly fetch manifest tinyglobby@^0.2.13
105 silly packumentCache full:https://registry.npmjs.org/tinyglobby cache-miss
106 silly fetch manifest fsevents@~2.3.3
107 silly packumentCache full:https://registry.npmjs.org/fsevents cache-miss
108 silly fetch manifest loose-envify@^1.1.0
109 silly packumentCache full:https://registry.npmjs.org/loose-envify cache-miss
110 silly fetch manifest scheduler@^0.23.2
111 silly packumentCache full:https://registry.npmjs.org/scheduler cache-miss
112 silly fetch manifest loose-envify@^1.1.0
113 silly packumentCache full:https://registry.npmjs.org/loose-envify cache-miss
114 http cache https://registry.npmjs.org/@types%2fbabel__core 38ms (cache hit)
115 silly packumentCache full:https://registry.npmjs.org/@types%2fbabel__core set size:88676 disposed:false
116 http cache https://registry.npmjs.org/@babel%2fplugin-transform-react-jsx-source 40ms (cache hit)
117 silly packumentCache full:https://registry.npmjs.org/@babel%2fplugin-transform-react-jsx-source set size:203114 disposed:false
118 http cache https://registry.npmjs.org/@babel%2fplugin-transform-react-jsx-self 46ms (cache hit)
119 silly packumentCache full:https://registry.npmjs.org/@babel%2fplugin-transform-react-jsx-self set size:198119 disposed:false
120 http cache https://registry.npmjs.org/@rolldown%2fpluginutils 50ms (cache hit)
121 silly packumentCache full:https://registry.npmjs.org/@rolldown%2fpluginutils set size:276936 disposed:false
122 http cache https://registry.npmjs.org/fdir 53ms (cache hit)
123 silly packumentCache full:https://registry.npmjs.org/fdir set size:136182 disposed:false
124 http cache https://registry.npmjs.org/tinyglobby 55ms (cache hit)
125 silly packumentCache full:https://registry.npmjs.org/tinyglobby set size:49812 disposed:false
126 http cache https://registry.npmjs.org/@babel%2fcore 60ms (cache hit)
127 silly packumentCache full:https://registry.npmjs.org/@babel%2fcore set size:760113 disposed:false
128 http cache https://registry.npmjs.org/fsevents 63ms (cache hit)
129 silly packumentCache full:https://registry.npmjs.org/fsevents set size:182472 disposed:false
130 http cache https://registry.npmjs.org/loose-envify 65ms (cache hit)
131 silly packumentCache full:https://registry.npmjs.org/loose-envify set size:12559 disposed:false
132 http cache https://registry.npmjs.org/picomatch 68ms (cache hit)
133 silly packumentCache full:https://registry.npmjs.org/picomatch set size:126376 disposed:false
134 http cache https://registry.npmjs.org/esbuild 73ms (cache hit)
135 silly packumentCache full:https://registry.npmjs.org/esbuild set size:1244751 disposed:false
136 http cache https://registry.npmjs.org/react-refresh 94ms (cache hit)
137 silly packumentCache full:https://registry.npmjs.org/react-refresh set size:6260904 disposed:false
138 http cache https://registry.npmjs.org/rollup 165ms (cache hit)
139 silly packumentCache full:https://registry.npmjs.org/rollup set size:6146122 disposed:false
140 http cache https://registry.npmjs.org/scheduler 227ms (cache hit)
141 silly packumentCache full:https://registry.npmjs.org/scheduler set size:5447377 disposed:false
142 http cache https://registry.npmjs.org/loose-envify 273ms (cache hit)
143 silly packumentCache full:https://registry.npmjs.org/loose-envify set size:12559 disposed:false
144 silly packumentCache full:https://registry.npmjs.org/loose-envify dispose
145 silly placeDep ROOT @babel/core@7.29.0 OK for: @vitejs/plugin-react@4.7.0 want: ^7.28.0
146 silly placeDep ROOT @babel/plugin-transform-react-jsx-self@7.27.1 OK for: @vitejs/plugin-react@4.7.0 want: ^7.27.1
147 silly placeDep ROOT @babel/plugin-transform-react-jsx-source@7.27.1 OK for: @vitejs/plugin-react@4.7.0 want: ^7.27.1
148 silly placeDep ROOT @rolldown/pluginutils@1.0.0-beta.27 OK for: @vitejs/plugin-react@4.7.0 want: 1.0.0-beta.27
149 silly placeDep ROOT @types/babel__core@7.20.5 OK for: @vitejs/plugin-react@4.7.0 want: ^7.20.5
150 silly placeDep ROOT react-refresh@0.17.0 OK for: @vitejs/plugin-react@4.7.0 want: ^0.17.0
151 silly fetch manifest debug@^4.1.0
152 silly packumentCache full:https://registry.npmjs.org/debug cache-miss
153 silly fetch manifest json5@^2.2.3
154 silly packumentCache full:https://registry.npmjs.org/json5 cache-miss
155 silly fetch manifest semver@^6.3.1
156 silly packumentCache full:https://registry.npmjs.org/semver cache-miss
157 silly fetch manifest gensync@^1.0.0-beta.2
158 silly packumentCache full:https://registry.npmjs.org/gensync cache-miss
159 silly fetch manifest @babel/types@^7.29.0
160 silly packumentCache full:https://registry.npmjs.org/@babel%2ftypes cache-miss
161 silly fetch manifest @babel/parser@^7.29.0
162 silly packumentCache full:https://registry.npmjs.org/@babel%2fparser cache-miss
163 silly fetch manifest @babel/helpers@^7.28.6
164 silly packumentCache full:https://registry.npmjs.org/@babel%2fhelpers cache-miss
165 silly fetch manifest @babel/template@^7.28.6
166 silly packumentCache full:https://registry.npmjs.org/@babel%2ftemplate cache-miss
167 silly fetch manifest @babel/traverse@^7.29.0
168 silly packumentCache full:https://registry.npmjs.org/@babel%2ftraverse cache-miss
169 silly fetch manifest @babel/generator@^7.29.0
170 silly packumentCache full:https://registry.npmjs.org/@babel%2fgenerator cache-miss
171 silly fetch manifest @babel/code-frame@^7.29.0
172 silly packumentCache full:https://registry.npmjs.org/@babel%2fcode-frame cache-miss
173 silly fetch manifest convert-source-map@^2.0.0
174 silly packumentCache full:https://registry.npmjs.org/convert-source-map cache-miss
175 silly fetch manifest @jridgewell/remapping@^2.3.5
176 silly packumentCache full:https://registry.npmjs.org/@jridgewell%2fremapping cache-miss
177 silly fetch manifest @babel/helper-module-transforms@^7.28.6
178 silly packumentCache full:https://registry.npmjs.org/@babel%2fhelper-module-transforms cache-miss
179 silly fetch manifest @babel/helper-compilation-targets@^7.28.6
180 silly packumentCache full:https://registry.npmjs.org/@babel%2fhelper-compilation-targets cache-miss
181 http cache https://registry.npmjs.org/gensync 53ms (cache hit)
182 silly packumentCache full:https://registry.npmjs.org/gensync set size:15068 disposed:false
183 silly fetch manifest @babel/helper-plugin-utils@^7.27.1
184 silly packumentCache full:https://registry.npmjs.org/@babel%2fhelper-plugin-utils cache-miss
185 http cache https://registry.npmjs.org/debug 55ms (cache hit)
186 silly packumentCache full:https://registry.npmjs.org/debug set size:195840 disposed:false
187 silly fetch manifest @babel/helper-plugin-utils@^7.27.1
188 silly packumentCache full:https://registry.npmjs.org/@babel%2fhelper-plugin-utils cache-miss
189 http cache https://registry.npmjs.org/semver 60ms (cache hit)
190 silly packumentCache full:https://registry.npmjs.org/semver set size:229620 disposed:false
191 silly fetch manifest @babel/types@^7.20.7
192 silly packumentCache full:https://registry.npmjs.org/@babel%2ftypes cache-miss
193 http cache https://registry.npmjs.org/@babel%2ftemplate 64ms (cache hit)
194 silly packumentCache full:https://registry.npmjs.org/@babel%2ftemplate set size:227169 disposed:false
195 silly fetch manifest @babel/parser@^7.20.7
196 silly packumentCache full:https://registry.npmjs.org/@babel%2fparser cache-miss
197 http cache https://registry.npmjs.org/json5 69ms (cache hit)
198 silly packumentCache full:https://registry.npmjs.org/json5 set size:86136 disposed:false
199 silly fetch manifest @types/babel__template@*
200 silly packumentCache full:https://registry.npmjs.org/@types%2fbabel__template cache-miss
201 http cache https://registry.npmjs.org/@babel%2fhelpers 72ms (cache hit)
202 silly packumentCache full:https://registry.npmjs.org/@babel%2fhelpers set size:388224 disposed:false
203 silly fetch manifest @types/babel__traverse@*
204 silly packumentCache full:https://registry.npmjs.org/@types%2fbabel__traverse cache-miss
205 http cache https://registry.npmjs.org/@babel%2ftypes 79ms (cache hit)
206 silly packumentCache full:https://registry.npmjs.org/@babel%2ftypes set size:487885 disposed:false
207 silly fetch manifest @types/babel__generator@*
208 silly packumentCache full:https://registry.npmjs.org/@types%2fbabel__generator cache-miss
209 http cache https://registry.npmjs.org/@babel%2fparser 84ms (cache hit)
210 silly packumentCache full:https://registry.npmjs.org/@babel%2fparser set size:718758 disposed:false
211 http cache https://registry.npmjs.org/@jridgewell%2fremapping 90ms (cache hit)
212 silly packumentCache full:https://registry.npmjs.org/@jridgewell%2fremapping set size:23809 disposed:false
213 http cache https://registry.npmjs.org/@babel%2fgenerator 93ms (cache hit)
214 silly packumentCache full:https://registry.npmjs.org/@babel%2fgenerator set size:507107 disposed:false
215 http cache https://registry.npmjs.org/@babel%2fcode-frame 97ms (cache hit)
216 silly packumentCache full:https://registry.npmjs.org/@babel%2fcode-frame set size:196196 disposed:false
217 http cache https://registry.npmjs.org/@babel%2fhelper-compilation-targets 100ms (cache hit)
218 silly packumentCache full:https://registry.npmjs.org/@babel%2fhelper-compilation-targets set size:218757 disposed:false
219 http cache https://registry.npmjs.org/@babel%2fhelper-module-transforms 103ms (cache hit)
220 silly packumentCache full:https://registry.npmjs.org/@babel%2fhelper-module-transforms set size:333553 disposed:false
221 http cache https://registry.npmjs.org/@babel%2ftraverse 111ms (cache hit)
222 silly packumentCache full:https://registry.npmjs.org/@babel%2ftraverse set size:548722 disposed:false
223 http cache https://registry.npmjs.org/convert-source-map 170ms (cache hit)
224 silly packumentCache full:https://registry.npmjs.org/convert-source-map set size:66997 disposed:false
225 http cache https://registry.npmjs.org/@babel%2fhelper-plugin-utils 141ms (cache hit)
226 silly packumentCache full:https://registry.npmjs.org/@babel%2fhelper-plugin-utils set size:163951 disposed:false
227 http cache https://registry.npmjs.org/@babel%2fhelper-plugin-utils 140ms (cache hit)
228 silly packumentCache full:https://registry.npmjs.org/@babel%2fhelper-plugin-utils set size:163951 disposed:false
229 silly packumentCache full:https://registry.npmjs.org/@babel%2fhelper-plugin-utils dispose
230 http cache https://registry.npmjs.org/@types%2fbabel__traverse 123ms (cache hit)
231 silly packumentCache full:https://registry.npmjs.org/@types%2fbabel__traverse set size:107819 disposed:false
232 http cache https://registry.npmjs.org/@babel%2ftypes 140ms (cache hit)
233 silly packumentCache full:https://registry.npmjs.org/@babel%2ftypes set size:487885 disposed:false
234 silly packumentCache full:https://registry.npmjs.org/@babel%2ftypes dispose
235 http cache https://registry.npmjs.org/@types%2fbabel__generator 124ms (cache hit)
236 silly packumentCache full:https://registry.npmjs.org/@types%2fbabel__generator set size:31587 disposed:false
237 http cache https://registry.npmjs.org/@types%2fbabel__template 136ms (cache hit)
238 silly packumentCache full:https://registry.npmjs.org/@types%2fbabel__template set size:22631 disposed:false
239 http cache https://registry.npmjs.org/@babel%2fparser 143ms (cache hit)
240 silly packumentCache full:https://registry.npmjs.org/@babel%2fparser set size:718758 disposed:false
241 silly packumentCache full:https://registry.npmjs.org/@babel%2fparser dispose
242 silly fetch manifest @babel/core@^7.0.0
243 silly packumentCache full:https://registry.npmjs.org/@babel%2fcore cache-hit
244 silly placeDep ROOT @babel/code-frame@7.29.0 OK for: @babel/core@7.29.0 want: ^7.29.0
245 silly placeDep ROOT @babel/generator@7.29.1 OK for: @babel/core@7.29.0 want: ^7.29.0
246 silly placeDep ROOT @babel/helper-compilation-targets@7.28.6 OK for: @babel/core@7.29.0 want: ^7.28.6
247 silly placeDep ROOT @babel/helper-module-transforms@7.28.6 OK for: @babel/core@7.29.0 want: ^7.28.6
248 silly placeDep ROOT @babel/helpers@7.29.2 OK for: @babel/core@7.29.0 want: ^7.28.6
249 silly placeDep ROOT @babel/parser@7.29.2 OK for: @babel/core@7.29.0 want: ^7.29.0
250 silly placeDep ROOT @babel/template@7.28.6 OK for: @babel/core@7.29.0 want: ^7.28.6
251 silly placeDep ROOT @babel/traverse@7.29.0 OK for: @babel/core@7.29.0 want: ^7.29.0
252 silly placeDep ROOT @babel/types@7.29.0 OK for: @babel/core@7.29.0 want: ^7.29.0
253 silly placeDep ROOT @jridgewell/remapping@2.3.5 OK for: @babel/core@7.29.0 want: ^2.3.5
254 silly placeDep ROOT convert-source-map@2.0.0 OK for: @babel/core@7.29.0 want: ^2.0.0
255 silly placeDep ROOT debug@4.4.3 OK for: @babel/core@7.29.0 want: ^4.1.0
256 silly placeDep ROOT gensync@1.0.0-beta.2 OK for: @babel/core@7.29.0 want: ^1.0.0-beta.2
257 silly placeDep ROOT json5@2.2.3 OK for: @babel/core@7.29.0 want: ^2.2.3
258 silly placeDep ROOT semver@6.3.1 OK for: @babel/core@7.29.0 want: ^6.3.1
259 silly fetch manifest js-tokens@^4.0.0
260 silly packumentCache full:https://registry.npmjs.org/js-tokens cache-miss
261 silly fetch manifest picocolors@^1.1.1
262 silly packumentCache full:https://registry.npmjs.org/picocolors cache-miss
263 silly fetch manifest @babel/helper-validator-identifier@^7.28.5
264 silly packumentCache full:https://registry.npmjs.org/@babel%2fhelper-validator-identifier cache-miss
265 silly fetch manifest jsesc@^3.0.2
266 silly packumentCache full:https://registry.npmjs.org/jsesc cache-miss
267 silly fetch manifest @jridgewell/gen-mapping@^0.3.12
268 silly packumentCache full:https://registry.npmjs.org/@jridgewell%2fgen-mapping cache-miss
269 silly fetch manifest @jridgewell/trace-mapping@^0.3.28
270 silly packumentCache full:https://registry.npmjs.org/@jridgewell%2ftrace-mapping cache-miss
271 silly fetch manifest lru-cache@^5.1.1
272 silly packumentCache full:https://registry.npmjs.org/lru-cache cache-miss
273 silly fetch manifest browserslist@^4.24.0
274 silly packumentCache full:https://registry.npmjs.org/browserslist cache-miss
275 silly fetch manifest @babel/compat-data@^7.28.6
276 silly packumentCache full:https://registry.npmjs.org/@babel%2fcompat-data cache-miss
277 silly fetch manifest @babel/helper-validator-option@^7.27.1
278 silly packumentCache full:https://registry.npmjs.org/@babel%2fhelper-validator-option cache-miss
279 silly fetch manifest @babel/traverse@^7.28.6
280 silly packumentCache full:https://registry.npmjs.org/@babel%2ftraverse cache-hit
281 silly fetch manifest @babel/helper-module-imports@^7.28.6
282 silly packumentCache full:https://registry.npmjs.org/@babel%2fhelper-module-imports cache-miss
283 silly fetch manifest @babel/helper-validator-identifier@^7.28.5
284 silly packumentCache full:https://registry.npmjs.org/@babel%2fhelper-validator-identifier cache-miss
285 silly fetch manifest @babel/types@^7.28.6
286 silly packumentCache full:https://registry.npmjs.org/@babel%2ftypes cache-hit
287 silly fetch manifest debug@^4.3.1
288 silly packumentCache full:https://registry.npmjs.org/debug cache-hit
289 silly fetch manifest @babel/helper-globals@^7.28.0
290 silly packumentCache full:https://registry.npmjs.org/@babel%2fhelper-globals cache-miss
291 silly fetch manifest @babel/helper-string-parser@^7.27.1
292 silly packumentCache full:https://registry.npmjs.org/@babel%2fhelper-string-parser cache-miss
293 silly fetch manifest @babel/helper-validator-identifier@^7.28.5
294 silly packumentCache full:https://registry.npmjs.org/@babel%2fhelper-validator-identifier cache-miss
295 http cache https://registry.npmjs.org/picocolors 47ms (cache hit)
296 silly packumentCache full:https://registry.npmjs.org/picocolors set size:16648 disposed:false
297 silly fetch manifest @jridgewell/gen-mapping@^0.3.5
298 silly packumentCache full:https://registry.npmjs.org/@jridgewell%2fgen-mapping cache-miss
299 http cache https://registry.npmjs.org/js-tokens 50ms (cache hit)
300 silly packumentCache full:https://registry.npmjs.org/js-tokens set size:41947 disposed:false
301 silly fetch manifest @jridgewell/trace-mapping@^0.3.24
302 silly packumentCache full:https://registry.npmjs.org/@jridgewell%2ftrace-mapping cache-miss
303 http cache https://registry.npmjs.org/@babel%2fhelper-validator-identifier 53ms (cache hit)
304 silly packumentCache full:https://registry.npmjs.org/@babel%2fhelper-validator-identifier set size:116299 disposed:false
305 silly fetch manifest ms@^2.1.3
306 silly packumentCache full:https://registry.npmjs.org/ms cache-miss
307 http cache https://registry.npmjs.org/@jridgewell%2ftrace-mapping 56ms (cache hit)
308 silly packumentCache full:https://registry.npmjs.org/@jridgewell%2ftrace-mapping set size:170909 disposed:false
309 http cache https://registry.npmjs.org/@babel%2fhelper-globals 53ms (cache hit)
310 silly packumentCache full:https://registry.npmjs.org/@babel%2fhelper-globals set size:15475 disposed:false
311 http cache https://registry.npmjs.org/@jridgewell%2fgen-mapping 58ms (cache hit)
312 silly packumentCache full:https://registry.npmjs.org/@jridgewell%2fgen-mapping set size:80719 disposed:false
313 http cache https://registry.npmjs.org/jsesc 61ms (cache hit)
314 silly packumentCache full:https://registry.npmjs.org/jsesc set size:61512 disposed:false
315 http cache https://registry.npmjs.org/@babel%2fhelper-module-imports 61ms (cache hit)
316 silly packumentCache full:https://registry.npmjs.org/@babel%2fhelper-module-imports set size:193449 disposed:false
317 http cache https://registry.npmjs.org/lru-cache 64ms (cache hit)
318 silly packumentCache full:https://registry.npmjs.org/lru-cache set size:416454 disposed:false
319 http cache https://registry.npmjs.org/browserslist 70ms (cache hit)
320 silly packumentCache full:https://registry.npmjs.org/browserslist set size:502989 disposed:false
321 http cache https://registry.npmjs.org/@babel%2fhelper-validator-option 76ms (cache hit)
322 silly packumentCache full:https://registry.npmjs.org/@babel%2fhelper-validator-option set size:92248 disposed:false
323 http cache https://registry.npmjs.org/@babel%2fhelper-validator-identifier 71ms (cache hit)
324 silly packumentCache full:https://registry.npmjs.org/@babel%2fhelper-validator-identifier set size:116299 disposed:false
325 silly packumentCache full:https://registry.npmjs.org/@babel%2fhelper-validator-identifier dispose
326 http cache https://registry.npmjs.org/@babel%2fhelper-string-parser 78ms (cache hit)
327 silly packumentCache full:https://registry.npmjs.org/@babel%2fhelper-string-parser set size:82028 disposed:false
328 http cache https://registry.npmjs.org/@babel%2fhelper-validator-identifier 83ms (cache hit)
329 silly packumentCache full:https://registry.npmjs.org/@babel%2fhelper-validator-identifier set size:116299 disposed:true
330 silly packumentCache full:https://registry.npmjs.org/@babel%2fhelper-validator-identifier dispose
331 http cache https://registry.npmjs.org/@babel%2fcompat-data 87ms (cache hit)
332 silly packumentCache full:https://registry.npmjs.org/@babel%2fcompat-data set size:305632 disposed:false
333 http cache https://registry.npmjs.org/@jridgewell%2fgen-mapping 52ms (cache hit)
334 silly packumentCache full:https://registry.npmjs.org/@jridgewell%2fgen-mapping set size:80719 disposed:false
335 silly packumentCache full:https://registry.npmjs.org/@jridgewell%2fgen-mapping dispose
336 http cache https://registry.npmjs.org/ms 45ms (cache hit)
337 silly packumentCache full:https://registry.npmjs.org/ms set size:92208 disposed:false
338 http cache https://registry.npmjs.org/@jridgewell%2ftrace-mapping 52ms (cache hit)
339 silly packumentCache full:https://registry.npmjs.org/@jridgewell%2ftrace-mapping set size:170909 disposed:false
340 silly packumentCache full:https://registry.npmjs.org/@jridgewell%2ftrace-mapping dispose
341 silly placeDep ROOT @babel/helper-validator-identifier@7.28.5 OK for: @babel/code-frame@7.29.0 want: ^7.28.5
342 silly placeDep ROOT js-tokens@4.0.0 OK for: @babel/code-frame@7.29.0 want: ^4.0.0
343 silly placeDep ROOT picocolors@1.1.1 OK for: @babel/code-frame@7.29.0 want: ^1.1.1
344 silly placeDep ROOT @jridgewell/gen-mapping@0.3.13 OK for: @babel/generator@7.29.1 want: ^0.3.12
345 silly placeDep ROOT @jridgewell/trace-mapping@0.3.31 OK for: @babel/generator@7.29.1 want: ^0.3.28
346 silly placeDep ROOT jsesc@3.1.0 OK for: @babel/generator@7.29.1 want: ^3.0.2
347 silly fetch manifest @jridgewell/sourcemap-codec@^1.5.0
348 silly packumentCache full:https://registry.npmjs.org/@jridgewell%2fsourcemap-codec cache-miss
349 silly fetch manifest @jridgewell/resolve-uri@^3.1.0
350 silly packumentCache full:https://registry.npmjs.org/@jridgewell%2fresolve-uri cache-miss
351 silly fetch manifest @jridgewell/sourcemap-codec@^1.4.14
352 silly packumentCache full:https://registry.npmjs.org/@jridgewell%2fsourcemap-codec cache-miss
353 http cache https://registry.npmjs.org/@jridgewell%2fsourcemap-codec 23ms (cache hit)
354 silly packumentCache full:https://registry.npmjs.org/@jridgewell%2fsourcemap-codec set size:59275 disposed:false
355 http cache https://registry.npmjs.org/@jridgewell%2fsourcemap-codec 24ms (cache hit)
356 silly packumentCache full:https://registry.npmjs.org/@jridgewell%2fsourcemap-codec set size:59275 disposed:false
357 silly packumentCache full:https://registry.npmjs.org/@jridgewell%2fsourcemap-codec dispose
358 http cache https://registry.npmjs.org/@jridgewell%2fresolve-uri 26ms (cache hit)
359 silly packumentCache full:https://registry.npmjs.org/@jridgewell%2fresolve-uri set size:57361 disposed:false
360 silly placeDep ROOT @babel/compat-data@7.29.0 OK for: @babel/helper-compilation-targets@7.28.6 want: ^7.28.6
361 silly placeDep ROOT @babel/helper-validator-option@7.27.1 OK for: @babel/helper-compilation-targets@7.28.6 want: ^7.27.1
362 silly placeDep ROOT browserslist@4.28.1 OK for: @babel/helper-compilation-targets@7.28.6 want: ^4.24.0
363 silly placeDep ROOT lru-cache@5.1.1 OK for: @babel/helper-compilation-targets@7.28.6 want: ^5.1.1
364 silly fetch manifest baseline-browser-mapping@^2.9.0
365 silly packumentCache full:https://registry.npmjs.org/baseline-browser-mapping cache-miss
366 silly fetch manifest caniuse-lite@^1.0.30001759
367 silly packumentCache full:https://registry.npmjs.org/caniuse-lite cache-miss
368 silly fetch manifest electron-to-chromium@^1.5.263
369 silly packumentCache full:https://registry.npmjs.org/electron-to-chromium cache-miss
370 silly fetch manifest node-releases@^2.0.27
371 silly packumentCache full:https://registry.npmjs.org/node-releases cache-miss
372 silly fetch manifest update-browserslist-db@^1.2.0
373 silly packumentCache full:https://registry.npmjs.org/update-browserslist-db cache-miss
374 silly fetch manifest yallist@^3.0.2
375 silly packumentCache full:https://registry.npmjs.org/yallist cache-miss
376 http cache https://registry.npmjs.org/baseline-browser-mapping 15ms (cache hit)
377 silly packumentCache full:https://registry.npmjs.org/baseline-browser-mapping set size:409317 disposed:false
378 http cache https://registry.npmjs.org/yallist 19ms (cache hit)
379 silly packumentCache full:https://registry.npmjs.org/yallist set size:34610 disposed:false
380 http cache https://registry.npmjs.org/electron-to-chromium 28ms (cache hit)
381 silly packumentCache full:https://registry.npmjs.org/electron-to-chromium set size:4730871 disposed:false
382 http cache https://registry.npmjs.org/update-browserslist-db 63ms (cache hit)
383 silly packumentCache full:https://registry.npmjs.org/update-browserslist-db set size:62000 disposed:false
384 http cache https://registry.npmjs.org/caniuse-lite 69ms (cache hit)
385 silly packumentCache full:https://registry.npmjs.org/caniuse-lite set size:2272954 disposed:false
386 http cache https://registry.npmjs.org/node-releases 80ms (cache hit)
387 silly packumentCache full:https://registry.npmjs.org/node-releases set size:270656 disposed:false
388 silly placeDep ROOT @babel/helper-module-imports@7.28.6 OK for: @babel/helper-module-transforms@7.28.6 want: ^7.28.6
389 silly placeDep ROOT @babel/helper-plugin-utils@7.28.6 OK for: @babel/plugin-transform-react-jsx-self@7.27.1 want: ^7.27.1
390 silly placeDep ROOT @babel/helper-globals@7.28.0 OK for: @babel/traverse@7.29.0 want: ^7.28.0
391 silly placeDep ROOT @babel/helper-string-parser@7.27.1 OK for: @babel/types@7.29.0 want: ^7.27.1
392 silly placeDep ROOT @jridgewell/sourcemap-codec@1.5.5 OK for: @jridgewell/gen-mapping@0.3.13 want: ^1.5.0
393 silly placeDep ROOT @jridgewell/resolve-uri@3.1.2 OK for: @jridgewell/trace-mapping@0.3.31 want: ^3.1.0
394 silly placeDep ROOT @types/babel__generator@7.27.0 OK for: @types/babel__core@7.20.5 want: *
395 silly placeDep ROOT @types/babel__template@7.4.4 OK for: @types/babel__core@7.20.5 want: *
396 silly placeDep ROOT @types/babel__traverse@7.28.0 OK for: @types/babel__core@7.20.5 want: *
397 silly fetch manifest browserslist@>= 4.21.0
398 silly packumentCache full:https://registry.npmjs.org/browserslist cache-hit
399 silly placeDep ROOT baseline-browser-mapping@2.10.10 OK for: browserslist@4.28.1 want: ^2.9.0
400 silly placeDep ROOT caniuse-lite@1.0.30001781 OK for: browserslist@4.28.1 want: ^1.0.30001759
401 silly placeDep ROOT electron-to-chromium@1.5.325 OK for: browserslist@4.28.1 want: ^1.5.263
402 silly placeDep ROOT node-releases@2.0.36 OK for: browserslist@4.28.1 want: ^2.0.27
403 silly placeDep ROOT update-browserslist-db@1.2.3 OK for: browserslist@4.28.1 want: ^1.2.0
404 silly fetch manifest escalade@^3.2.0
405 silly packumentCache full:https://registry.npmjs.org/escalade cache-miss
406 http cache https://registry.npmjs.org/escalade 12ms (cache hit)
407 silly packumentCache full:https://registry.npmjs.org/escalade set size:33724 disposed:false
408 silly placeDep ROOT ms@2.1.3 OK for: debug@4.4.3 want: ^2.1.3
409 silly placeDep ROOT yallist@3.1.1 OK for: lru-cache@5.1.1 want: ^3.0.2
410 silly placeDep ROOT loose-envify@1.4.0 OK for: react@18.3.1 want: ^1.1.0
411 silly placeDep ROOT scheduler@0.23.2 OK for: react-dom@18.3.1 want: ^0.23.2
412 silly placeDep ROOT escalade@3.2.0 OK for: update-browserslist-db@1.2.3 want: ^3.2.0
413 silly placeDep ROOT esbuild@0.25.12 OK for: vite@6.4.1 want: ^0.25.0
414 silly placeDep ROOT fdir@6.5.0 OK for: vite@6.4.1 want: ^6.4.4
415 silly placeDep ROOT fsevents@2.3.3 OK for: vite@6.4.1 want: ~2.3.3
416 silly placeDep ROOT picomatch@4.0.4 OK for: vite@6.4.1 want: ^4.0.2
417 silly placeDep ROOT postcss@8.5.8 OK for: vite@6.4.1 want: ^8.5.3
418 silly placeDep ROOT rollup@4.60.0 OK for: vite@6.4.1 want: ^4.34.9
419 silly placeDep ROOT tinyglobby@0.2.15 OK for: vite@6.4.1 want: ^0.2.13
420 silly fetch manifest @esbuild/aix-ppc64@0.25.12
421 silly packumentCache full:https://registry.npmjs.org/@esbuild%2faix-ppc64 cache-miss
422 silly fetch manifest @esbuild/linux-arm@0.25.12
423 silly packumentCache full:https://registry.npmjs.org/@esbuild%2flinux-arm cache-miss
424 silly fetch manifest @esbuild/linux-x64@0.25.12
425 silly packumentCache full:https://registry.npmjs.org/@esbuild%2flinux-x64 cache-miss
426 silly fetch manifest @esbuild/sunos-x64@0.25.12
427 silly packumentCache full:https://registry.npmjs.org/@esbuild%2fsunos-x64 cache-miss
428 silly fetch manifest @esbuild/win32-x64@0.25.12
429 silly packumentCache full:https://registry.npmjs.org/@esbuild%2fwin32-x64 cache-miss
430 silly fetch manifest @esbuild/darwin-x64@0.25.12
431 silly packumentCache full:https://registry.npmjs.org/@esbuild%2fdarwin-x64 cache-miss
432 silly fetch manifest @esbuild/linux-ia32@0.25.12
433 silly packumentCache full:https://registry.npmjs.org/@esbuild%2flinux-ia32 cache-miss
434 silly fetch manifest @esbuild/netbsd-x64@0.25.12
435 silly packumentCache full:https://registry.npmjs.org/@esbuild%2fnetbsd-x64 cache-miss
436 silly fetch manifest @esbuild/win32-ia32@0.25.12
437 silly packumentCache full:https://registry.npmjs.org/@esbuild%2fwin32-ia32 cache-miss
438 silly fetch manifest @esbuild/android-arm@0.25.12
439 silly packumentCache full:https://registry.npmjs.org/@esbuild%2fandroid-arm cache-miss
440 silly fetch manifest @esbuild/android-x64@0.25.12
441 silly packumentCache full:https://registry.npmjs.org/@esbuild%2fandroid-x64 cache-miss
442 silly fetch manifest @esbuild/freebsd-x64@0.25.12
443 silly packumentCache full:https://registry.npmjs.org/@esbuild%2ffreebsd-x64 cache-miss
444 silly fetch manifest @esbuild/linux-arm64@0.25.12
445 silly packumentCache full:https://registry.npmjs.org/@esbuild%2flinux-arm64 cache-miss
446 silly fetch manifest @esbuild/linux-ppc64@0.25.12
447 silly packumentCache full:https://registry.npmjs.org/@esbuild%2flinux-ppc64 cache-miss
448 silly fetch manifest @esbuild/linux-s390x@0.25.12
449 silly packumentCache full:https://registry.npmjs.org/@esbuild%2flinux-s390x cache-miss
450 http cache https://registry.npmjs.org/@esbuild%2faix-ppc64 30ms (cache hit)
451 silly packumentCache full:https://registry.npmjs.org/@esbuild%2faix-ppc64 set size:57686 disposed:false
452 silly fetch manifest @esbuild/openbsd-x64@0.25.12
453 silly packumentCache full:https://registry.npmjs.org/@esbuild%2fopenbsd-x64 cache-miss
454 http cache https://registry.npmjs.org/@esbuild%2fwin32-ia32 33ms (cache hit)
455 silly packumentCache full:https://registry.npmjs.org/@esbuild%2fwin32-ia32 set size:189750 disposed:false
456 silly fetch manifest @esbuild/win32-arm64@0.25.12
457 silly packumentCache full:https://registry.npmjs.org/@esbuild%2fwin32-arm64 cache-miss
458 http cache https://registry.npmjs.org/@esbuild%2fwin32-x64 36ms (cache hit)
459 silly packumentCache full:https://registry.npmjs.org/@esbuild%2fwin32-x64 set size:189125 disposed:false
460 silly fetch manifest @esbuild/darwin-arm64@0.25.12
461 silly packumentCache full:https://registry.npmjs.org/@esbuild%2fdarwin-arm64 cache-miss
462 http cache https://registry.npmjs.org/@esbuild%2flinux-arm 39ms (cache hit)
463 silly packumentCache full:https://registry.npmjs.org/@esbuild%2flinux-arm set size:188561 disposed:false
464 silly fetch manifest @esbuild/netbsd-arm64@0.25.12
465 silly packumentCache full:https://registry.npmjs.org/@esbuild%2fnetbsd-arm64 cache-miss
466 http cache https://registry.npmjs.org/@esbuild%2fnetbsd-x64 41ms (cache hit)
467 silly packumentCache full:https://registry.npmjs.org/@esbuild%2fnetbsd-x64 set size:187362 disposed:false
468 silly fetch manifest @esbuild/android-arm64@0.25.12
469 silly packumentCache full:https://registry.npmjs.org/@esbuild%2fandroid-arm64 cache-miss
470 http cache https://registry.npmjs.org/@esbuild%2flinux-ia32 43ms (cache hit)
471 silly packumentCache full:https://registry.npmjs.org/@esbuild%2flinux-ia32 set size:189532 disposed:false
472 silly fetch manifest @esbuild/freebsd-arm64@0.25.12
473 silly packumentCache full:https://registry.npmjs.org/@esbuild%2ffreebsd-arm64 cache-miss
474 http cache https://registry.npmjs.org/@esbuild%2ffreebsd-x64 45ms (cache hit)
475 silly packumentCache full:https://registry.npmjs.org/@esbuild%2ffreebsd-x64 set size:190419 disposed:false
476 silly fetch manifest @esbuild/linux-loong64@0.25.12
477 silly packumentCache full:https://registry.npmjs.org/@esbuild%2flinux-loong64 cache-miss
478 http cache https://registry.npmjs.org/@esbuild%2fandroid-arm 48ms (cache hit)
479 silly packumentCache full:https://registry.npmjs.org/@esbuild%2fandroid-arm set size:215153 disposed:false
480 silly fetch manifest @esbuild/linux-riscv64@0.25.12
481 silly packumentCache full:https://registry.npmjs.org/@esbuild%2flinux-riscv64 cache-miss
482 http cache https://registry.npmjs.org/@esbuild%2fsunos-x64 50ms (cache hit)
483 silly packumentCache full:https://registry.npmjs.org/@esbuild%2fsunos-x64 set size:189123 disposed:false
484 silly fetch manifest @esbuild/openbsd-arm64@0.25.12
485 silly packumentCache full:https://registry.npmjs.org/@esbuild%2fopenbsd-arm64 cache-miss
486 http cache https://registry.npmjs.org/@esbuild%2flinux-arm64 53ms (cache hit)
487 silly packumentCache full:https://registry.npmjs.org/@esbuild%2flinux-arm64 set size:190613 disposed:false
488 silly fetch manifest @esbuild/linux-mips64el@0.25.12
489 silly packumentCache full:https://registry.npmjs.org/@esbuild%2flinux-mips64el cache-miss
490 http cache https://registry.npmjs.org/@esbuild%2flinux-x64 56ms (cache hit)
491 silly packumentCache full:https://registry.npmjs.org/@esbuild%2flinux-x64 set size:188891 disposed:false
492 silly fetch manifest @esbuild/openharmony-arm64@0.25.12
493 silly packumentCache full:https://registry.npmjs.org/@esbuild%2fopenharmony-arm64 cache-miss
494 http cache https://registry.npmjs.org/@esbuild%2fdarwin-x64 59ms (cache hit)
495 silly packumentCache full:https://registry.npmjs.org/@esbuild%2fdarwin-x64 set size:189577 disposed:false
496 silly fetch manifest nanoid@^3.3.11
497 silly packumentCache full:https://registry.npmjs.org/nanoid cache-miss
498 http cache https://registry.npmjs.org/@esbuild%2flinux-ppc64 61ms (cache hit)
499 silly packumentCache full:https://registry.npmjs.org/@esbuild%2flinux-ppc64 set size:192578 disposed:false
500 silly fetch manifest source-map-js@^1.2.1
501 silly packumentCache full:https://registry.npmjs.org/source-map-js cache-miss
502 http cache https://registry.npmjs.org/@esbuild%2fandroid-x64 65ms (cache hit)
503 silly packumentCache full:https://registry.npmjs.org/@esbuild%2fandroid-x64 set size:188956 disposed:false
504 silly fetch manifest @types/estree@1.0.8
505 silly packumentCache full:https://registry.npmjs.org/@types%2festree cache-miss
506 http cache https://registry.npmjs.org/@esbuild%2flinux-s390x 67ms (cache hit)
507 silly packumentCache full:https://registry.npmjs.org/@esbuild%2flinux-s390x set size:192070 disposed:false
508 silly fetch manifest @rollup/rollup-darwin-arm64@4.60.0
509 silly packumentCache full:https://registry.npmjs.org/@rollup%2frollup-darwin-arm64 cache-miss
510 http cache https://registry.npmjs.org/@esbuild%2fwin32-arm64 69ms (cache hit)
511 silly packumentCache full:https://registry.npmjs.org/@esbuild%2fwin32-arm64 set size:190835 disposed:false
512 silly fetch manifest @rollup/rollup-android-arm64@4.60.0
513 silly packumentCache full:https://registry.npmjs.org/@rollup%2frollup-android-arm64 cache-miss
514 http cache https://registry.npmjs.org/@esbuild%2fopenbsd-x64 74ms (cache hit)
515 silly packumentCache full:https://registry.npmjs.org/@esbuild%2fopenbsd-x64 set size:190425 disposed:false
516 silly fetch manifest @rollup/rollup-win32-arm64-msvc@4.60.0
517 silly packumentCache full:https://registry.npmjs.org/@rollup%2frollup-win32-arm64-msvc cache-miss
518 http cache https://registry.npmjs.org/@esbuild%2ffreebsd-arm64 65ms (cache hit)
519 silly packumentCache full:https://registry.npmjs.org/@esbuild%2ffreebsd-arm64 set size:192128 disposed:false
520 silly fetch manifest @rollup/rollup-freebsd-arm64@4.60.0
521 silly packumentCache full:https://registry.npmjs.org/@rollup%2frollup-freebsd-arm64 cache-miss
522 http cache https://registry.npmjs.org/@esbuild%2fdarwin-arm64 74ms (cache hit)
523 silly packumentCache full:https://registry.npmjs.org/@esbuild%2fdarwin-arm64 set size:191268 disposed:false
524 silly fetch manifest @rollup/rollup-linux-arm64-gnu@4.60.0
525 silly packumentCache full:https://registry.npmjs.org/@rollup%2frollup-linux-arm64-gnu cache-miss
526 http cache https://registry.npmjs.org/@esbuild%2fnetbsd-arm64 75ms (cache hit)
527 silly packumentCache full:https://registry.npmjs.org/@esbuild%2fnetbsd-arm64 set size:34101 disposed:false
528 silly fetch manifest @rollup/rollup-linux-arm64-musl@4.60.0
529 silly packumentCache full:https://registry.npmjs.org/@rollup%2frollup-linux-arm64-musl cache-miss
530 http cache https://registry.npmjs.org/@esbuild%2fandroid-arm64 75ms (cache hit)
531 silly packumentCache full:https://registry.npmjs.org/@esbuild%2fandroid-arm64 set size:193961 disposed:false
532 silly fetch manifest @rollup/rollup-android-arm-eabi@4.60.0
533 silly packumentCache full:https://registry.npmjs.org/@rollup%2frollup-android-arm-eabi cache-miss
534 http cache https://registry.npmjs.org/@esbuild%2fopenbsd-arm64 70ms (cache hit)
535 silly packumentCache full:https://registry.npmjs.org/@esbuild%2fopenbsd-arm64 set size:39385 disposed:false
536 silly fetch manifest @rollup/rollup-linux-arm-gnueabihf@4.60.0
537 silly packumentCache full:https://registry.npmjs.org/@rollup%2frollup-linux-arm-gnueabihf cache-miss
538 http cache https://registry.npmjs.org/@esbuild%2fopenharmony-arm64 65ms (cache hit)
539 silly packumentCache full:https://registry.npmjs.org/@esbuild%2fopenharmony-arm64 set size:22704 disposed:false
540 silly fetch manifest @rollup/rollup-linux-arm-musleabihf@4.60.0
541 silly packumentCache full:https://registry.npmjs.org/@rollup%2frollup-linux-arm-musleabihf cache-miss
542 http cache https://registry.npmjs.org/source-map-js 61ms (cache hit)
543 silly packumentCache full:https://registry.npmjs.org/source-map-js set size:62640 disposed:false
544 silly fetch manifest @rollup/rollup-win32-ia32-msvc@4.60.0
545 silly packumentCache full:https://registry.npmjs.org/@rollup%2frollup-win32-ia32-msvc cache-miss
546 http cache https://registry.npmjs.org/@esbuild%2flinux-riscv64 77ms (cache hit)
547 silly packumentCache full:https://registry.npmjs.org/@esbuild%2flinux-riscv64 set size:192251 disposed:false
548 silly fetch manifest @rollup/rollup-linux-loong64-gnu@4.60.0
549 silly packumentCache full:https://registry.npmjs.org/@rollup%2frollup-linux-loong64-gnu cache-miss
550 http cache https://registry.npmjs.org/@esbuild%2flinux-mips64el 74ms (cache hit)
551 silly packumentCache full:https://registry.npmjs.org/@esbuild%2flinux-mips64el set size:194259 disposed:false
552 silly fetch manifest @rollup/rollup-linux-loong64-musl@4.60.0
553 silly packumentCache full:https://registry.npmjs.org/@rollup%2frollup-linux-loong64-musl cache-miss
554 http cache https://registry.npmjs.org/@esbuild%2flinux-loong64 85ms (cache hit)
555 silly packumentCache full:https://registry.npmjs.org/@esbuild%2flinux-loong64 set size:245468 disposed:false
556 silly fetch manifest @rollup/rollup-linux-riscv64-gnu@4.60.0
557 silly packumentCache full:https://registry.npmjs.org/@rollup%2frollup-linux-riscv64-gnu cache-miss
558 http cache https://registry.npmjs.org/nanoid 75ms (cache hit)
559 silly packumentCache full:https://registry.npmjs.org/nanoid set size:300313 disposed:false
560 silly fetch manifest @rollup/rollup-linux-riscv64-musl@4.60.0
561 silly packumentCache full:https://registry.npmjs.org/@rollup%2frollup-linux-riscv64-musl cache-miss
562 http cache https://registry.npmjs.org/@rollup%2frollup-darwin-arm64 72ms (cache hit)
563 silly packumentCache full:https://registry.npmjs.org/@rollup%2frollup-darwin-arm64 set size:330305 disposed:false
564 silly fetch manifest @rollup/rollup-linux-ppc64-gnu@4.60.0
565 silly packumentCache full:https://registry.npmjs.org/@rollup%2frollup-linux-ppc64-gnu cache-miss
566 http cache https://registry.npmjs.org/@types%2festree 78ms (cache hit)
567 silly packumentCache full:https://registry.npmjs.org/@types%2festree set size:74091 disposed:false
568 silly fetch manifest @rollup/rollup-linux-ppc64-musl@4.60.0
569 silly packumentCache full:https://registry.npmjs.org/@rollup%2frollup-linux-ppc64-musl cache-miss
570 http cache https://registry.npmjs.org/@rollup%2frollup-win32-arm64-msvc 65ms (cache hit)
571 silly packumentCache full:https://registry.npmjs.org/@rollup%2frollup-win32-arm64-msvc set size:335092 disposed:false
572 silly fetch manifest @rollup/rollup-linux-s390x-gnu@4.60.0
573 silly packumentCache full:https://registry.npmjs.org/@rollup%2frollup-linux-s390x-gnu cache-miss
574 http cache https://registry.npmjs.org/@rollup%2frollup-android-arm64 74ms (cache hit)
575 silly packumentCache full:https://registry.npmjs.org/@rollup%2frollup-android-arm64 set size:331771 disposed:false
576 silly fetch manifest @rollup/rollup-darwin-x64@4.60.0
577 silly packumentCache full:https://registry.npmjs.org/@rollup%2frollup-darwin-x64 cache-miss
578 http cache https://registry.npmjs.org/@rollup%2frollup-android-arm-eabi 70ms (cache hit)
579 silly packumentCache full:https://registry.npmjs.org/@rollup%2frollup-android-arm-eabi set size:335098 disposed:false
580 silly fetch manifest @rollup/rollup-win32-x64-gnu@4.60.0
581 silly packumentCache full:https://registry.npmjs.org/@rollup%2frollup-win32-x64-gnu cache-miss
582 http cache https://registry.npmjs.org/@rollup%2frollup-freebsd-arm64 81ms (cache hit)
583 silly packumentCache full:https://registry.npmjs.org/@rollup%2frollup-freebsd-arm64 set size:179976 disposed:false
584 silly fetch manifest @rollup/rollup-win32-x64-msvc@4.60.0
585 silly packumentCache full:https://registry.npmjs.org/@rollup%2frollup-win32-x64-msvc cache-miss
586 http cache https://registry.npmjs.org/@rollup%2frollup-linux-arm-musleabihf 70ms (cache hit)
587 silly packumentCache full:https://registry.npmjs.org/@rollup%2frollup-linux-arm-musleabihf set size:234842 disposed:false
588 silly fetch manifest @rollup/rollup-freebsd-x64@4.60.0
589 silly packumentCache full:https://registry.npmjs.org/@rollup%2frollup-freebsd-x64 cache-miss
590 http cache https://registry.npmjs.org/@rollup%2frollup-linux-arm64-gnu 84ms (cache hit)
591 silly packumentCache full:https://registry.npmjs.org/@rollup%2frollup-linux-arm64-gnu set size:337301 disposed:false
592 silly fetch manifest @rollup/rollup-linux-x64-gnu@4.60.0
593 silly packumentCache full:https://registry.npmjs.org/@rollup%2frollup-linux-x64-gnu cache-miss
594 http cache https://registry.npmjs.org/@rollup%2frollup-linux-arm64-musl 86ms (cache hit)
595 silly packumentCache full:https://registry.npmjs.org/@rollup%2frollup-linux-arm64-musl set size:292661 disposed:false
596 silly fetch manifest @rollup/rollup-linux-x64-musl@4.60.0
597 silly packumentCache full:https://registry.npmjs.org/@rollup%2frollup-linux-x64-musl cache-miss
598 http cache https://registry.npmjs.org/@rollup%2frollup-win32-ia32-msvc 82ms (cache hit)
599 silly packumentCache full:https://registry.npmjs.org/@rollup%2frollup-win32-ia32-msvc set size:333639 disposed:false
600 silly fetch manifest @rollup/rollup-openbsd-x64@4.60.0
601 silly packumentCache full:https://registry.npmjs.org/@rollup%2frollup-openbsd-x64 cache-miss
602 http cache https://registry.npmjs.org/@rollup%2frollup-linux-arm-gnueabihf 89ms (cache hit)
603 silly packumentCache full:https://registry.npmjs.org/@rollup%2frollup-linux-arm-gnueabihf set size:340690 disposed:false
604 silly fetch manifest @rollup/rollup-openharmony-arm64@4.60.0
605 silly packumentCache full:https://registry.npmjs.org/@rollup%2frollup-openharmony-arm64 cache-miss
606 http cache https://registry.npmjs.org/@rollup%2frollup-linux-loong64-gnu 87ms (cache hit)
607 silly packumentCache full:https://registry.npmjs.org/@rollup%2frollup-linux-loong64-gnu set size:61695 disposed:false
608 http cache https://registry.npmjs.org/@rollup%2frollup-linux-loong64-musl 84ms (cache hit)
609 silly packumentCache full:https://registry.npmjs.org/@rollup%2frollup-linux-loong64-musl set size:23676 disposed:false
610 http cache https://registry.npmjs.org/@rollup%2frollup-linux-riscv64-gnu 85ms (cache hit)
611 silly packumentCache full:https://registry.npmjs.org/@rollup%2frollup-linux-riscv64-gnu set size:263379 disposed:false
612 http cache https://registry.npmjs.org/@rollup%2frollup-linux-riscv64-musl 82ms (cache hit)
613 silly packumentCache full:https://registry.npmjs.org/@rollup%2frollup-linux-riscv64-musl set size:109341 disposed:false
614 http cache https://registry.npmjs.org/@rollup%2frollup-linux-ppc64-gnu 78ms (cache hit)
615 silly packumentCache full:https://registry.npmjs.org/@rollup%2frollup-linux-ppc64-gnu set size:81977 disposed:false
616 http cache https://registry.npmjs.org/@rollup%2frollup-linux-ppc64-musl 77ms (cache hit)
617 silly packumentCache full:https://registry.npmjs.org/@rollup%2frollup-linux-ppc64-musl set size:23479 disposed:false
618 http cache https://registry.npmjs.org/@rollup%2frollup-darwin-x64 59ms (cache hit)
619 silly packumentCache full:https://registry.npmjs.org/@rollup%2frollup-darwin-x64 set size:325565 disposed:false
620 http cache https://registry.npmjs.org/@rollup%2frollup-win32-x64-gnu 51ms (cache hit)
621 silly packumentCache full:https://registry.npmjs.org/@rollup%2frollup-win32-x64-gnu set size:53430 disposed:false
622 http cache https://registry.npmjs.org/@rollup%2frollup-linux-s390x-gnu 68ms (cache hit)
623 silly packumentCache full:https://registry.npmjs.org/@rollup%2frollup-linux-s390x-gnu set size:237146 disposed:false
624 http cache https://registry.npmjs.org/@rollup%2frollup-linux-x64-gnu 56ms (cache hit)
625 silly packumentCache full:https://registry.npmjs.org/@rollup%2frollup-linux-x64-gnu set size:332499 disposed:false
626 http cache https://registry.npmjs.org/@rollup%2frollup-linux-x64-musl 56ms (cache hit)
627 silly packumentCache full:https://registry.npmjs.org/@rollup%2frollup-linux-x64-musl set size:331827 disposed:false
628 http cache https://registry.npmjs.org/@rollup%2frollup-openbsd-x64 54ms (cache hit)
629 silly packumentCache full:https://registry.npmjs.org/@rollup%2frollup-openbsd-x64 set size:22873 disposed:false
630 http cache https://registry.npmjs.org/@rollup%2frollup-freebsd-x64 67ms (cache hit)
631 silly packumentCache full:https://registry.npmjs.org/@rollup%2frollup-freebsd-x64 set size:178134 disposed:false
632 http cache https://registry.npmjs.org/@rollup%2frollup-win32-x64-msvc 73ms (cache hit)
633 silly packumentCache full:https://registry.npmjs.org/@rollup%2frollup-win32-x64-msvc set size:330321 disposed:false
634 http cache https://registry.npmjs.org/@rollup%2frollup-openharmony-arm64 57ms (cache hit)
635 silly packumentCache full:https://registry.npmjs.org/@rollup%2frollup-openharmony-arm64 set size:62626 disposed:false
636 silly placeDep ROOT @esbuild/aix-ppc64@0.25.12 OK for: esbuild@0.25.12 want: 0.25.12
637 silly placeDep ROOT @esbuild/android-arm@0.25.12 OK for: esbuild@0.25.12 want: 0.25.12
638 silly placeDep ROOT @esbuild/android-arm64@0.25.12 OK for: esbuild@0.25.12 want: 0.25.12
639 silly placeDep ROOT @esbuild/android-x64@0.25.12 OK for: esbuild@0.25.12 want: 0.25.12
640 silly placeDep ROOT @esbuild/darwin-arm64@0.25.12 OK for: esbuild@0.25.12 want: 0.25.12
641 silly placeDep ROOT @esbuild/darwin-x64@0.25.12 OK for: esbuild@0.25.12 want: 0.25.12
642 silly placeDep ROOT @esbuild/freebsd-arm64@0.25.12 OK for: esbuild@0.25.12 want: 0.25.12
643 silly placeDep ROOT @esbuild/freebsd-x64@0.25.12 OK for: esbuild@0.25.12 want: 0.25.12
644 silly placeDep ROOT @esbuild/linux-arm@0.25.12 OK for: esbuild@0.25.12 want: 0.25.12
645 silly placeDep ROOT @esbuild/linux-arm64@0.25.12 OK for: esbuild@0.25.12 want: 0.25.12
646 silly placeDep ROOT @esbuild/linux-ia32@0.25.12 OK for: esbuild@0.25.12 want: 0.25.12
647 silly placeDep ROOT @esbuild/linux-loong64@0.25.12 OK for: esbuild@0.25.12 want: 0.25.12
648 silly placeDep ROOT @esbuild/linux-mips64el@0.25.12 OK for: esbuild@0.25.12 want: 0.25.12
649 silly placeDep ROOT @esbuild/linux-ppc64@0.25.12 OK for: esbuild@0.25.12 want: 0.25.12
650 silly placeDep ROOT @esbuild/linux-riscv64@0.25.12 OK for: esbuild@0.25.12 want: 0.25.12
651 silly placeDep ROOT @esbuild/linux-s390x@0.25.12 OK for: esbuild@0.25.12 want: 0.25.12
652 silly placeDep ROOT @esbuild/linux-x64@0.25.12 OK for: esbuild@0.25.12 want: 0.25.12
653 silly placeDep ROOT @esbuild/netbsd-arm64@0.25.12 OK for: esbuild@0.25.12 want: 0.25.12
654 silly placeDep ROOT @esbuild/netbsd-x64@0.25.12 OK for: esbuild@0.25.12 want: 0.25.12
655 silly placeDep ROOT @esbuild/openbsd-arm64@0.25.12 OK for: esbuild@0.25.12 want: 0.25.12
656 silly placeDep ROOT @esbuild/openbsd-x64@0.25.12 OK for: esbuild@0.25.12 want: 0.25.12
657 silly placeDep ROOT @esbuild/openharmony-arm64@0.25.12 OK for: esbuild@0.25.12 want: 0.25.12
658 silly placeDep ROOT @esbuild/sunos-x64@0.25.12 OK for: esbuild@0.25.12 want: 0.25.12
659 silly placeDep ROOT @esbuild/win32-arm64@0.25.12 OK for: esbuild@0.25.12 want: 0.25.12
660 silly placeDep ROOT @esbuild/win32-ia32@0.25.12 OK for: esbuild@0.25.12 want: 0.25.12
661 silly placeDep ROOT @esbuild/win32-x64@0.25.12 OK for: esbuild@0.25.12 want: 0.25.12
662 silly placeDep ROOT nanoid@3.3.11 OK for: postcss@8.5.8 want: ^3.3.11
663 silly placeDep ROOT source-map-js@1.2.1 OK for: postcss@8.5.8 want: ^1.2.1
664 silly placeDep ROOT @rollup/rollup-android-arm-eabi@4.60.0 OK for: rollup@4.60.0 want: 4.60.0
665 silly placeDep ROOT @rollup/rollup-android-arm64@4.60.0 OK for: rollup@4.60.0 want: 4.60.0
666 silly placeDep ROOT @rollup/rollup-darwin-arm64@4.60.0 OK for: rollup@4.60.0 want: 4.60.0
667 silly placeDep ROOT @rollup/rollup-darwin-x64@4.60.0 OK for: rollup@4.60.0 want: 4.60.0
668 silly placeDep ROOT @rollup/rollup-freebsd-arm64@4.60.0 OK for: rollup@4.60.0 want: 4.60.0
669 silly placeDep ROOT @rollup/rollup-freebsd-x64@4.60.0 OK for: rollup@4.60.0 want: 4.60.0
670 silly placeDep ROOT @rollup/rollup-linux-arm-gnueabihf@4.60.0 OK for: rollup@4.60.0 want: 4.60.0
671 silly placeDep ROOT @rollup/rollup-linux-arm-musleabihf@4.60.0 OK for: rollup@4.60.0 want: 4.60.0
672 silly placeDep ROOT @rollup/rollup-linux-arm64-gnu@4.60.0 OK for: rollup@4.60.0 want: 4.60.0
673 silly placeDep ROOT @rollup/rollup-linux-arm64-musl@4.60.0 OK for: rollup@4.60.0 want: 4.60.0
674 silly placeDep ROOT @rollup/rollup-linux-loong64-gnu@4.60.0 OK for: rollup@4.60.0 want: 4.60.0
675 silly placeDep ROOT @rollup/rollup-linux-loong64-musl@4.60.0 OK for: rollup@4.60.0 want: 4.60.0
676 silly placeDep ROOT @rollup/rollup-linux-ppc64-gnu@4.60.0 OK for: rollup@4.60.0 want: 4.60.0
677 silly placeDep ROOT @rollup/rollup-linux-ppc64-musl@4.60.0 OK for: rollup@4.60.0 want: 4.60.0
678 silly placeDep ROOT @rollup/rollup-linux-riscv64-gnu@4.60.0 OK for: rollup@4.60.0 want: 4.60.0
679 silly placeDep ROOT @rollup/rollup-linux-riscv64-musl@4.60.0 OK for: rollup@4.60.0 want: 4.60.0
680 silly placeDep ROOT @rollup/rollup-linux-s390x-gnu@4.60.0 OK for: rollup@4.60.0 want: 4.60.0
681 silly placeDep ROOT @rollup/rollup-linux-x64-gnu@4.60.0 OK for: rollup@4.60.0 want: 4.60.0
682 silly placeDep ROOT @rollup/rollup-linux-x64-musl@4.60.0 OK for: rollup@4.60.0 want: 4.60.0
683 silly placeDep ROOT @rollup/rollup-openbsd-x64@4.60.0 OK for: rollup@4.60.0 want: 4.60.0
684 silly placeDep ROOT @rollup/rollup-openharmony-arm64@4.60.0 OK for: rollup@4.60.0 want: 4.60.0
685 silly placeDep ROOT @rollup/rollup-win32-arm64-msvc@4.60.0 OK for: rollup@4.60.0 want: 4.60.0
686 silly placeDep ROOT @rollup/rollup-win32-ia32-msvc@4.60.0 OK for: rollup@4.60.0 want: 4.60.0
687 silly placeDep ROOT @rollup/rollup-win32-x64-gnu@4.60.0 OK for: rollup@4.60.0 want: 4.60.0
688 silly placeDep ROOT @rollup/rollup-win32-x64-msvc@4.60.0 OK for: rollup@4.60.0 want: 4.60.0
689 silly placeDep ROOT @types/estree@1.0.8 OK for: rollup@4.60.0 want: 1.0.8
690 silly reify moves {}
691 silly audit bulk request {
691 silly audit   '@vitejs/plugin-react': [ '4.7.0' ],
691 silly audit   vite: [ '6.4.1' ],
691 silly audit   react: [ '18.3.1' ],
691 silly audit   'react-dom': [ '18.3.1' ],
691 silly audit   '@babel/core': [ '7.29.0' ],
691 silly audit   '@babel/plugin-transform-react-jsx-self': [ '7.27.1' ],
691 silly audit   '@babel/plugin-transform-react-jsx-source': [ '7.27.1' ],
691 silly audit   '@rolldown/pluginutils': [ '1.0.0-beta.27' ],
691 silly audit   '@types/babel__core': [ '7.20.5' ],
691 silly audit   'react-refresh': [ '0.17.0' ],
691 silly audit   '@babel/code-frame': [ '7.29.0' ],
691 silly audit   '@babel/generator': [ '7.29.1' ],
691 silly audit   '@babel/helper-compilation-targets': [ '7.28.6' ],
691 silly audit   '@babel/helper-module-transforms': [ '7.28.6' ],
691 silly audit   '@babel/helpers': [ '7.29.2' ],
691 silly audit   '@babel/parser': [ '7.29.2' ],
691 silly audit   '@babel/template': [ '7.28.6' ],
691 silly audit   '@babel/traverse': [ '7.29.0' ],
691 silly audit   '@babel/types': [ '7.29.0' ],
691 silly audit   '@jridgewell/remapping': [ '2.3.5' ],
691 silly audit   'convert-source-map': [ '2.0.0' ],
691 silly audit   debug: [ '4.4.3' ],
691 silly audit   gensync: [ '1.0.0-beta.2' ],
691 silly audit   json5: [ '2.2.3' ],
691 silly audit   semver: [ '6.3.1' ],
691 silly audit   '@babel/helper-validator-identifier': [ '7.28.5' ],
691 silly audit   'js-tokens': [ '4.0.0' ],
691 silly audit   picocolors: [ '1.1.1' ],
691 silly audit   '@jridgewell/gen-mapping': [ '0.3.13' ],
691 silly audit   '@jridgewell/trace-mapping': [ '0.3.31' ],
691 silly audit   jsesc: [ '3.1.0' ],
691 silly audit   '@babel/compat-data': [ '7.29.0' ],
691 silly audit   '@babel/helper-validator-option': [ '7.27.1' ],
691 silly audit   browserslist: [ '4.28.1' ],
691 silly audit   'lru-cache': [ '5.1.1' ],
691 silly audit   '@babel/helper-module-imports': [ '7.28.6' ],
691 silly audit   '@babel/helper-plugin-utils': [ '7.28.6' ],
691 silly audit   '@babel/helper-globals': [ '7.28.0' ],
691 silly audit   '@babel/helper-string-parser': [ '7.27.1' ],
691 silly audit   '@jridgewell/sourcemap-codec': [ '1.5.5' ],
691 silly audit   '@jridgewell/resolve-uri': [ '3.1.2' ],
691 silly audit   '@types/babel__generator': [ '7.27.0' ],
691 silly audit   '@types/babel__template': [ '7.4.4' ],
691 silly audit   '@types/babel__traverse': [ '7.28.0' ],
691 silly audit   'baseline-browser-mapping': [ '2.10.10' ],
691 silly audit   'caniuse-lite': [ '1.0.30001781' ],
691 silly audit   'electron-to-chromium': [ '1.5.325' ],
691 silly audit   'node-releases': [ '2.0.36' ],
691 silly audit   'update-browserslist-db': [ '1.2.3' ],
691 silly audit   ms: [ '2.1.3' ],
691 silly audit   yallist: [ '3.1.1' ],
691 silly audit   'loose-envify': [ '1.4.0' ],
691 silly audit   scheduler: [ '0.23.2' ],
691 silly audit   escalade: [ '3.2.0' ],
691 silly audit   esbuild: [ '0.25.12' ],
691 silly audit   fdir: [ '6.5.0' ],
691 silly audit   fsevents: [ '2.3.3' ],
691 silly audit   picomatch: [ '4.0.4' ],
691 silly audit   postcss: [ '8.5.8' ],
691 silly audit   rollup: [ '4.60.0' ],
691 silly audit   tinyglobby: [ '0.2.15' ],
691 silly audit   '@esbuild/aix-ppc64': [ '0.25.12' ],
691 silly audit   '@esbuild/android-arm': [ '0.25.12' ],
691 silly audit   '@esbuild/android-arm64': [ '0.25.12' ],
691 silly audit   '@esbuild/android-x64': [ '0.25.12' ],
691 silly audit   '@esbuild/darwin-arm64': [ '0.25.12' ],
691 silly audit   '@esbuild/darwin-x64': [ '0.25.12' ],
691 silly audit   '@esbuild/freebsd-arm64': [ '0.25.12' ],
691 silly audit   '@esbuild/freebsd-x64': [ '0.25.12' ],
691 silly audit   '@esbuild/linux-arm': [ '0.25.12' ],
691 silly audit   '@esbuild/linux-arm64': [ '0.25.12' ],
691 silly audit   '@esbuild/linux-ia32': [ '0.25.12' ],
691 silly audit   '@esbuild/linux-loong64': [ '0.25.12' ],
691 silly audit   '@esbuild/linux-mips64el': [ '0.25.12' ],
691 silly audit   '@esbuild/linux-ppc64': [ '0.25.12' ],
691 silly audit   '@esbuild/linux-riscv64': [ '0.25.12' ],
691 silly audit   '@esbuild/linux-s390x': [ '0.25.12' ],
691 silly audit   '@esbuild/linux-x64': [ '0.25.12' ],
691 silly audit   '@esbuild/netbsd-arm64': [ '0.25.12' ],
691 silly audit   '@esbuild/netbsd-x64': [ '0.25.12' ],
691 silly audit   '@esbuild/openbsd-arm64': [ '0.25.12' ],
691 silly audit   '@esbuild/openbsd-x64': [ '0.25.12' ],
691 silly audit   '@esbuild/openharmony-arm64': [ '0.25.12' ],
691 silly audit   '@esbuild/sunos-x64': [ '0.25.12' ],
691 silly audit   '@esbuild/win32-arm64': [ '0.25.12' ],
691 silly audit   '@esbuild/win32-ia32': [ '0.25.12' ],
691 silly audit   '@esbuild/win32-x64': [ '0.25.12' ],
691 silly audit   nanoid: [ '3.3.11' ],
691 silly audit   'source-map-js': [ '1.2.1' ],
691 silly audit   '@rollup/rollup-android-arm-eabi': [ '4.60.0' ],
691 silly audit   '@rollup/rollup-android-arm64': [ '4.60.0' ],
691 silly audit   '@rollup/rollup-darwin-arm64': [ '4.60.0' ],
691 silly audit   '@rollup/rollup-darwin-x64': [ '4.60.0' ],
691 silly audit   '@rollup/rollup-freebsd-arm64': [ '4.60.0' ],
691 silly audit   '@rollup/rollup-freebsd-x64': [ '4.60.0' ],
691 silly audit   '@rollup/rollup-linux-arm-gnueabihf': [ '4.60.0' ],
691 silly audit   '@rollup/rollup-linux-arm-musleabihf': [ '4.60.0' ],
691 silly audit   '@rollup/rollup-linux-arm64-gnu': [ '4.60.0' ],
691 silly audit   '@rollup/rollup-linux-arm64-musl': [ '4.60.0' ],
691 silly audit   '@rollup/rollup-linux-loong64-gnu': [ '4.60.0' ],
691 silly audit   '@rollup/rollup-linux-loong64-musl': [ '4.60.0' ],
691 silly audit   '@rollup/rollup-linux-ppc64-gnu': [ '4.60.0' ],
691 silly audit   '@rollup/rollup-linux-ppc64-musl': [ '4.60.0' ],
691 silly audit   '@rollup/rollup-linux-riscv64-gnu': [ '4.60.0' ],
691 silly audit   '@rollup/rollup-linux-riscv64-musl': [ '4.60.0' ],
691 silly audit   '@rollup/rollup-linux-s390x-gnu': [ '4.60.0' ],
691 silly audit   '@rollup/rollup-linux-x64-gnu': [ '4.60.0' ],
691 silly audit   '@rollup/rollup-linux-x64-musl': [ '4.60.0' ],
691 silly audit   '@rollup/rollup-openbsd-x64': [ '4.60.0' ],
691 silly audit   '@rollup/rollup-openharmony-arm64': [ '4.60.0' ],
691 silly audit   '@rollup/rollup-win32-arm64-msvc': [ '4.60.0' ],
691 silly audit   '@rollup/rollup-win32-ia32-msvc': [ '4.60.0' ],
691 silly audit   '@rollup/rollup-win32-x64-gnu': [ '4.60.0' ],
691 silly audit   '@rollup/rollup-win32-x64-msvc': [ '4.60.0' ],
691 silly audit   '@types/estree': [ '1.0.8' ]
691 silly audit }
692 verbose reify failed optional dependency C:\Users\NGUYEN MINH TRI\OneDrive\Desktop\CSPM\frontend\node_modules\@rollup\rollup-win32-ia32-msvc
693 silly reify mark deleted [
693 silly reify   'C:\\Users\\NGUYEN MINH TRI\\OneDrive\\Desktop\\CSPM\\frontend\\node_modules\\@rollup\\rollup-win32-ia32-msvc'
693 silly reify ]
694 verbose reify failed optional dependency C:\Users\NGUYEN MINH TRI\OneDrive\Desktop\CSPM\frontend\node_modules\@rollup\rollup-win32-arm64-msvc
695 silly reify mark deleted [
695 silly reify   'C:\\Users\\NGUYEN MINH TRI\\OneDrive\\Desktop\\CSPM\\frontend\\node_modules\\@rollup\\rollup-win32-arm64-msvc'
695 silly reify ]
696 verbose reify failed optional dependency C:\Users\NGUYEN MINH TRI\OneDrive\Desktop\CSPM\frontend\node_modules\@rollup\rollup-openharmony-arm64
697 silly reify mark deleted [
697 silly reify   'C:\\Users\\NGUYEN MINH TRI\\OneDrive\\Desktop\\CSPM\\frontend\\node_modules\\@rollup\\rollup-openharmony-arm64'
697 silly reify ]
698 verbose reify failed optional dependency C:\Users\NGUYEN MINH TRI\OneDrive\Desktop\CSPM\frontend\node_modules\@rollup\rollup-openbsd-x64
699 silly reify mark deleted [
699 silly reify   'C:\\Users\\NGUYEN MINH TRI\\OneDrive\\Desktop\\CSPM\\frontend\\node_modules\\@rollup\\rollup-openbsd-x64'
699 silly reify ]
700 verbose reify failed optional dependency C:\Users\NGUYEN MINH TRI\OneDrive\Desktop\CSPM\frontend\node_modules\@rollup\rollup-linux-x64-musl
701 silly reify mark deleted [
701 silly reify   'C:\\Users\\NGUYEN MINH TRI\\OneDrive\\Desktop\\CSPM\\frontend\\node_modules\\@rollup\\rollup-linux-x64-musl'
701 silly reify ]
702 verbose reify failed optional dependency C:\Users\NGUYEN MINH TRI\OneDrive\Desktop\CSPM\frontend\node_modules\@rollup\rollup-linux-x64-gnu
703 silly reify mark deleted [
703 silly reify   'C:\\Users\\NGUYEN MINH TRI\\OneDrive\\Desktop\\CSPM\\frontend\\node_modules\\@rollup\\rollup-linux-x64-gnu'
703 silly reify ]
704 verbose reify failed optional dependency C:\Users\NGUYEN MINH TRI\OneDrive\Desktop\CSPM\frontend\node_modules\@rollup\rollup-linux-s390x-gnu
705 silly reify mark deleted [
705 silly reify   'C:\\Users\\NGUYEN MINH TRI\\OneDrive\\Desktop\\CSPM\\frontend\\node_modules\\@rollup\\rollup-linux-s390x-gnu'
705 silly reify ]
706 verbose reify failed optional dependency C:\Users\NGUYEN MINH TRI\OneDrive\Desktop\CSPM\frontend\node_modules\@rollup\rollup-linux-riscv64-musl
707 silly reify mark deleted [
707 silly reify   'C:\\Users\\NGUYEN MINH TRI\\OneDrive\\Desktop\\CSPM\\frontend\\node_modules\\@rollup\\rollup-linux-riscv64-musl'
707 silly reify ]
708 verbose reify failed optional dependency C:\Users\NGUYEN MINH TRI\OneDrive\Desktop\CSPM\frontend\node_modules\@rollup\rollup-linux-riscv64-gnu
709 silly reify mark deleted [
709 silly reify   'C:\\Users\\NGUYEN MINH TRI\\OneDrive\\Desktop\\CSPM\\frontend\\node_modules\\@rollup\\rollup-linux-riscv64-gnu'
709 silly reify ]
710 verbose reify failed optional dependency C:\Users\NGUYEN MINH TRI\OneDrive\Desktop\CSPM\frontend\node_modules\@rollup\rollup-linux-ppc64-musl
711 silly reify mark deleted [
711 silly reify   'C:\\Users\\NGUYEN MINH TRI\\OneDrive\\Desktop\\CSPM\\frontend\\node_modules\\@rollup\\rollup-linux-ppc64-musl'
711 silly reify ]
712 verbose reify failed optional dependency C:\Users\NGUYEN MINH TRI\OneDrive\Desktop\CSPM\frontend\node_modules\@rollup\rollup-linux-ppc64-gnu
713 silly reify mark deleted [
713 silly reify   'C:\\Users\\NGUYEN MINH TRI\\OneDrive\\Desktop\\CSPM\\frontend\\node_modules\\@rollup\\rollup-linux-ppc64-gnu'
713 silly reify ]
714 verbose reify failed optional dependency C:\Users\NGUYEN MINH TRI\OneDrive\Desktop\CSPM\frontend\node_modules\@rollup\rollup-linux-loong64-musl
715 silly reify mark deleted [
715 silly reify   'C:\\Users\\NGUYEN MINH TRI\\OneDrive\\Desktop\\CSPM\\frontend\\node_modules\\@rollup\\rollup-linux-loong64-musl'
715 silly reify ]
716 verbose reify failed optional dependency C:\Users\NGUYEN MINH TRI\OneDrive\Desktop\CSPM\frontend\node_modules\@rollup\rollup-linux-loong64-gnu
717 silly reify mark deleted [
717 silly reify   'C:\\Users\\NGUYEN MINH TRI\\OneDrive\\Desktop\\CSPM\\frontend\\node_modules\\@rollup\\rollup-linux-loong64-gnu'
717 silly reify ]
718 verbose reify failed optional dependency C:\Users\NGUYEN MINH TRI\OneDrive\Desktop\CSPM\frontend\node_modules\@rollup\rollup-linux-arm64-musl
719 silly reify mark deleted [
719 silly reify   'C:\\Users\\NGUYEN MINH TRI\\OneDrive\\Desktop\\CSPM\\frontend\\node_modules\\@rollup\\rollup-linux-arm64-musl'
719 silly reify ]
720 verbose reify failed optional dependency C:\Users\NGUYEN MINH TRI\OneDrive\Desktop\CSPM\frontend\node_modules\@rollup\rollup-linux-arm64-gnu
721 silly reify mark deleted [
721 silly reify   'C:\\Users\\NGUYEN MINH TRI\\OneDrive\\Desktop\\CSPM\\frontend\\node_modules\\@rollup\\rollup-linux-arm64-gnu'
721 silly reify ]
722 verbose reify failed optional dependency C:\Users\NGUYEN MINH TRI\OneDrive\Desktop\CSPM\frontend\node_modules\@rollup\rollup-linux-arm-musleabihf
723 silly reify mark deleted [
723 silly reify   'C:\\Users\\NGUYEN MINH TRI\\OneDrive\\Desktop\\CSPM\\frontend\\node_modules\\@rollup\\rollup-linux-arm-musleabihf'
723 silly reify ]
724 verbose reify failed optional dependency C:\Users\NGUYEN MINH TRI\OneDrive\Desktop\CSPM\frontend\node_modules\@rollup\rollup-linux-arm-gnueabihf
725 silly reify mark deleted [
725 silly reify   'C:\\Users\\NGUYEN MINH TRI\\OneDrive\\Desktop\\CSPM\\frontend\\node_modules\\@rollup\\rollup-linux-arm-gnueabihf'
725 silly reify ]
726 verbose reify failed optional dependency C:\Users\NGUYEN MINH TRI\OneDrive\Desktop\CSPM\frontend\node_modules\@rollup\rollup-freebsd-x64
727 silly reify mark deleted [
727 silly reify   'C:\\Users\\NGUYEN MINH TRI\\OneDrive\\Desktop\\CSPM\\frontend\\node_modules\\@rollup\\rollup-freebsd-x64'
727 silly reify ]
728 verbose reify failed optional dependency C:\Users\NGUYEN MINH TRI\OneDrive\Desktop\CSPM\frontend\node_modules\@rollup\rollup-freebsd-arm64
729 silly reify mark deleted [
729 silly reify   'C:\\Users\\NGUYEN MINH TRI\\OneDrive\\Desktop\\CSPM\\frontend\\node_modules\\@rollup\\rollup-freebsd-arm64'
729 silly reify ]
730 verbose reify failed optional dependency C:\Users\NGUYEN MINH TRI\OneDrive\Desktop\CSPM\frontend\node_modules\@rollup\rollup-darwin-x64
731 silly reify mark deleted [
731 silly reify   'C:\\Users\\NGUYEN MINH TRI\\OneDrive\\Desktop\\CSPM\\frontend\\node_modules\\@rollup\\rollup-darwin-x64'
731 silly reify ]
732 verbose reify failed optional dependency C:\Users\NGUYEN MINH TRI\OneDrive\Desktop\CSPM\frontend\node_modules\@rollup\rollup-darwin-arm64
733 silly reify mark deleted [
733 silly reify   'C:\\Users\\NGUYEN MINH TRI\\OneDrive\\Desktop\\CSPM\\frontend\\node_modules\\@rollup\\rollup-darwin-arm64'
733 silly reify ]
734 verbose reify failed optional dependency C:\Users\NGUYEN MINH TRI\OneDrive\Desktop\CSPM\frontend\node_modules\@rollup\rollup-android-arm64
735 silly reify mark deleted [
735 silly reify   'C:\\Users\\NGUYEN MINH TRI\\OneDrive\\Desktop\\CSPM\\frontend\\node_modules\\@rollup\\rollup-android-arm64'
735 silly reify ]
736 verbose reify failed optional dependency C:\Users\NGUYEN MINH TRI\OneDrive\Desktop\CSPM\frontend\node_modules\@rollup\rollup-android-arm-eabi
737 silly reify mark deleted [
737 silly reify   'C:\\Users\\NGUYEN MINH TRI\\OneDrive\\Desktop\\CSPM\\frontend\\node_modules\\@rollup\\rollup-android-arm-eabi'
737 silly reify ]
738 verbose reify failed optional dependency C:\Users\NGUYEN MINH TRI\OneDrive\Desktop\CSPM\frontend\node_modules\@esbuild\win32-ia32
739 silly reify mark deleted [
739 silly reify   'C:\\Users\\NGUYEN MINH TRI\\OneDrive\\Desktop\\CSPM\\frontend\\node_modules\\@esbuild\\win32-ia32'
739 silly reify ]
740 verbose reify failed optional dependency C:\Users\NGUYEN MINH TRI\OneDrive\Desktop\CSPM\frontend\node_modules\@esbuild\win32-arm64
741 silly reify mark deleted [
741 silly reify   'C:\\Users\\NGUYEN MINH TRI\\OneDrive\\Desktop\\CSPM\\frontend\\node_modules\\@esbuild\\win32-arm64'
741 silly reify ]
742 verbose reify failed optional dependency C:\Users\NGUYEN MINH TRI\OneDrive\Desktop\CSPM\frontend\node_modules\@esbuild\sunos-x64
743 silly reify mark deleted [
743 silly reify   'C:\\Users\\NGUYEN MINH TRI\\OneDrive\\Desktop\\CSPM\\frontend\\node_modules\\@esbuild\\sunos-x64'
743 silly reify ]
744 verbose reify failed optional dependency C:\Users\NGUYEN MINH TRI\OneDrive\Desktop\CSPM\frontend\node_modules\@esbuild\openharmony-arm64
745 silly reify mark deleted [
745 silly reify   'C:\\Users\\NGUYEN MINH TRI\\OneDrive\\Desktop\\CSPM\\frontend\\node_modules\\@esbuild\\openharmony-arm64'
745 silly reify ]
746 verbose reify failed optional dependency C:\Users\NGUYEN MINH TRI\OneDrive\Desktop\CSPM\frontend\node_modules\@esbuild\openbsd-x64
747 silly reify mark deleted [
747 silly reify   'C:\\Users\\NGUYEN MINH TRI\\OneDrive\\Desktop\\CSPM\\frontend\\node_modules\\@esbuild\\openbsd-x64'
747 silly reify ]
748 verbose reify failed optional dependency C:\Users\NGUYEN MINH TRI\OneDrive\Desktop\CSPM\frontend\node_modules\@esbuild\openbsd-arm64
749 silly reify mark deleted [
749 silly reify   'C:\\Users\\NGUYEN MINH TRI\\OneDrive\\Desktop\\CSPM\\frontend\\node_modules\\@esbuild\\openbsd-arm64'
749 silly reify ]
750 verbose reify failed optional dependency C:\Users\NGUYEN MINH TRI\OneDrive\Desktop\CSPM\frontend\node_modules\@esbuild\netbsd-x64
751 silly reify mark deleted [
751 silly reify   'C:\\Users\\NGUYEN MINH TRI\\OneDrive\\Desktop\\CSPM\\frontend\\node_modules\\@esbuild\\netbsd-x64'
751 silly reify ]
752 verbose reify failed optional dependency C:\Users\NGUYEN MINH TRI\OneDrive\Desktop\CSPM\frontend\node_modules\@esbuild\netbsd-arm64
753 silly reify mark deleted [
753 silly reify   'C:\\Users\\NGUYEN MINH TRI\\OneDrive\\Desktop\\CSPM\\frontend\\node_modules\\@esbuild\\netbsd-arm64'
753 silly reify ]
754 verbose reify failed optional dependency C:\Users\NGUYEN MINH TRI\OneDrive\Desktop\CSPM\frontend\node_modules\@esbuild\linux-x64
755 silly reify mark deleted [
755 silly reify   'C:\\Users\\NGUYEN MINH TRI\\OneDrive\\Desktop\\CSPM\\frontend\\node_modules\\@esbuild\\linux-x64'
755 silly reify ]
756 verbose reify failed optional dependency C:\Users\NGUYEN MINH TRI\OneDrive\Desktop\CSPM\frontend\node_modules\@esbuild\linux-s390x
757 silly reify mark deleted [
757 silly reify   'C:\\Users\\NGUYEN MINH TRI\\OneDrive\\Desktop\\CSPM\\frontend\\node_modules\\@esbuild\\linux-s390x'
757 silly reify ]
758 verbose reify failed optional dependency C:\Users\NGUYEN MINH TRI\OneDrive\Desktop\CSPM\frontend\node_modules\@esbuild\linux-riscv64
759 silly reify mark deleted [
759 silly reify   'C:\\Users\\NGUYEN MINH TRI\\OneDrive\\Desktop\\CSPM\\frontend\\node_modules\\@esbuild\\linux-riscv64'
759 silly reify ]
760 verbose reify failed optional dependency C:\Users\NGUYEN MINH TRI\OneDrive\Desktop\CSPM\frontend\node_modules\@esbuild\linux-ppc64
761 silly reify mark deleted [
761 silly reify   'C:\\Users\\NGUYEN MINH TRI\\OneDrive\\Desktop\\CSPM\\frontend\\node_modules\\@esbuild\\linux-ppc64'
761 silly reify ]
762 verbose reify failed optional dependency C:\Users\NGUYEN MINH TRI\OneDrive\Desktop\CSPM\frontend\node_modules\@esbuild\linux-mips64el
763 silly reify mark deleted [
763 silly reify   'C:\\Users\\NGUYEN MINH TRI\\OneDrive\\Desktop\\CSPM\\frontend\\node_modules\\@esbuild\\linux-mips64el'
763 silly reify ]
764 verbose reify failed optional dependency C:\Users\NGUYEN MINH TRI\OneDrive\Desktop\CSPM\frontend\node_modules\@esbuild\linux-loong64
765 silly reify mark deleted [
765 silly reify   'C:\\Users\\NGUYEN MINH TRI\\OneDrive\\Desktop\\CSPM\\frontend\\node_modules\\@esbuild\\linux-loong64'
765 silly reify ]
766 verbose reify failed optional dependency C:\Users\NGUYEN MINH TRI\OneDrive\Desktop\CSPM\frontend\node_modules\@esbuild\linux-ia32
767 silly reify mark deleted [
767 silly reify   'C:\\Users\\NGUYEN MINH TRI\\OneDrive\\Desktop\\CSPM\\frontend\\node_modules\\@esbuild\\linux-ia32'
767 silly reify ]
768 verbose reify failed optional dependency C:\Users\NGUYEN MINH TRI\OneDrive\Desktop\CSPM\frontend\node_modules\@esbuild\linux-arm64
769 silly reify mark deleted [
769 silly reify   'C:\\Users\\NGUYEN MINH TRI\\OneDrive\\Desktop\\CSPM\\frontend\\node_modules\\@esbuild\\linux-arm64'
769 silly reify ]
770 verbose reify failed optional dependency C:\Users\NGUYEN MINH TRI\OneDrive\Desktop\CSPM\frontend\node_modules\@esbuild\linux-arm
771 silly reify mark deleted [
771 silly reify   'C:\\Users\\NGUYEN MINH TRI\\OneDrive\\Desktop\\CSPM\\frontend\\node_modules\\@esbuild\\linux-arm'
771 silly reify ]
772 verbose reify failed optional dependency C:\Users\NGUYEN MINH TRI\OneDrive\Desktop\CSPM\frontend\node_modules\@esbuild\freebsd-x64
773 silly reify mark deleted [
773 silly reify   'C:\\Users\\NGUYEN MINH TRI\\OneDrive\\Desktop\\CSPM\\frontend\\node_modules\\@esbuild\\freebsd-x64'
773 silly reify ]
774 verbose reify failed optional dependency C:\Users\NGUYEN MINH TRI\OneDrive\Desktop\CSPM\frontend\node_modules\@esbuild\freebsd-arm64
775 silly reify mark deleted [
775 silly reify   'C:\\Users\\NGUYEN MINH TRI\\OneDrive\\Desktop\\CSPM\\frontend\\node_modules\\@esbuild\\freebsd-arm64'
775 silly reify ]
776 verbose reify failed optional dependency C:\Users\NGUYEN MINH TRI\OneDrive\Desktop\CSPM\frontend\node_modules\@esbuild\darwin-x64
777 silly reify mark deleted [
777 silly reify   'C:\\Users\\NGUYEN MINH TRI\\OneDrive\\Desktop\\CSPM\\frontend\\node_modules\\@esbuild\\darwin-x64'
777 silly reify ]
778 verbose reify failed optional dependency C:\Users\NGUYEN MINH TRI\OneDrive\Desktop\CSPM\frontend\node_modules\@esbuild\darwin-arm64
779 silly reify mark deleted [
779 silly reify   'C:\\Users\\NGUYEN MINH TRI\\OneDrive\\Desktop\\CSPM\\frontend\\node_modules\\@esbuild\\darwin-arm64'
779 silly reify ]
780 verbose reify failed optional dependency C:\Users\NGUYEN MINH TRI\OneDrive\Desktop\CSPM\frontend\node_modules\@esbuild\android-x64
781 silly reify mark deleted [
781 silly reify   'C:\\Users\\NGUYEN MINH TRI\\OneDrive\\Desktop\\CSPM\\frontend\\node_modules\\@esbuild\\android-x64'
781 silly reify ]
782 verbose reify failed optional dependency C:\Users\NGUYEN MINH TRI\OneDrive\Desktop\CSPM\frontend\node_modules\@esbuild\android-arm64
783 silly reify mark deleted [
783 silly reify   'C:\\Users\\NGUYEN MINH TRI\\OneDrive\\Desktop\\CSPM\\frontend\\node_modules\\@esbuild\\android-arm64'
783 silly reify ]
784 verbose reify failed optional dependency C:\Users\NGUYEN MINH TRI\OneDrive\Desktop\CSPM\frontend\node_modules\@esbuild\android-arm
785 silly reify mark deleted [
785 silly reify   'C:\\Users\\NGUYEN MINH TRI\\OneDrive\\Desktop\\CSPM\\frontend\\node_modules\\@esbuild\\android-arm'
785 silly reify ]
786 verbose reify failed optional dependency C:\Users\NGUYEN MINH TRI\OneDrive\Desktop\CSPM\frontend\node_modules\@esbuild\aix-ppc64
787 silly reify mark deleted [
787 silly reify   'C:\\Users\\NGUYEN MINH TRI\\OneDrive\\Desktop\\CSPM\\frontend\\node_modules\\@esbuild\\aix-ppc64'
787 silly reify ]
788 verbose reify failed optional dependency C:\Users\NGUYEN MINH TRI\OneDrive\Desktop\CSPM\frontend\node_modules\fsevents
789 silly reify mark deleted [
789 silly reify   'C:\\Users\\NGUYEN MINH TRI\\OneDrive\\Desktop\\CSPM\\frontend\\node_modules\\fsevents'
789 silly reify ]
790 http cache @types/estree@https://registry.npmjs.org/@types/estree/-/estree-1.0.8.tgz 0ms (cache hit)
791 http cache source-map-js@https://registry.npmjs.org/source-map-js/-/source-map-js-1.2.1.tgz 0ms (cache hit)
792 http cache @rollup/rollup-win32-x64-msvc@https://registry.npmjs.org/@rollup/rollup-win32-x64-msvc/-/rollup-win32-x64-msvc-4.60.0.tgz 0ms (cache hit)
793 http cache @rollup/rollup-win32-x64-gnu@https://registry.npmjs.org/@rollup/rollup-win32-x64-gnu/-/rollup-win32-x64-gnu-4.60.0.tgz 0ms (cache hit)
794 http cache nanoid@https://registry.npmjs.org/nanoid/-/nanoid-3.3.11.tgz 0ms (cache hit)
795 http cache @esbuild/win32-x64@https://registry.npmjs.org/@esbuild/win32-x64/-/win32-x64-0.25.12.tgz 0ms (cache hit)
796 http cache tinyglobby@https://registry.npmjs.org/tinyglobby/-/tinyglobby-0.2.15.tgz 0ms (cache hit)
797 http cache rollup@https://registry.npmjs.org/rollup/-/rollup-4.60.0.tgz 0ms (cache hit)
798 http cache picomatch@https://registry.npmjs.org/picomatch/-/picomatch-4.0.4.tgz 0ms (cache hit)
799 http cache fdir@https://registry.npmjs.org/fdir/-/fdir-6.5.0.tgz 0ms (cache hit)
800 http cache postcss@https://registry.npmjs.org/postcss/-/postcss-8.5.8.tgz 0ms (cache hit)
801 http cache escalade@https://registry.npmjs.org/escalade/-/escalade-3.2.0.tgz 0ms (cache hit)
802 http cache esbuild@https://registry.npmjs.org/esbuild/-/esbuild-0.25.12.tgz 0ms (cache hit)
803 http cache loose-envify@https://registry.npmjs.org/loose-envify/-/loose-envify-1.4.0.tgz 0ms (cache hit)
804 http cache yallist@https://registry.npmjs.org/yallist/-/yallist-3.1.1.tgz 0ms (cache hit)
805 http cache scheduler@https://registry.npmjs.org/scheduler/-/scheduler-0.23.2.tgz 0ms (cache hit)
806 http cache ms@https://registry.npmjs.org/ms/-/ms-2.1.3.tgz 0ms (cache hit)
807 http cache update-browserslist-db@https://registry.npmjs.org/update-browserslist-db/-/update-browserslist-db-1.2.3.tgz 0ms (cache hit)
808 http cache node-releases@https://registry.npmjs.org/node-releases/-/node-releases-2.0.36.tgz 0ms (cache hit)
809 http cache electron-to-chromium@https://registry.npmjs.org/electron-to-chromium/-/electron-to-chromium-1.5.325.tgz 0ms (cache hit)
810 http cache baseline-browser-mapping@https://registry.npmjs.org/baseline-browser-mapping/-/baseline-browser-mapping-2.10.10.tgz 0ms (cache hit)
811 http cache caniuse-lite@https://registry.npmjs.org/caniuse-lite/-/caniuse-lite-1.0.30001781.tgz 0ms (cache hit)
812 http cache @jridgewell/resolve-uri@https://registry.npmjs.org/@jridgewell/resolve-uri/-/resolve-uri-3.1.2.tgz 0ms (cache hit)
813 http cache @types/babel__template@https://registry.npmjs.org/@types/babel__template/-/babel__template-7.4.4.tgz 0ms (cache hit)
814 http cache @jridgewell/sourcemap-codec@https://registry.npmjs.org/@jridgewell/sourcemap-codec/-/sourcemap-codec-1.5.5.tgz 0ms (cache hit)
815 http cache @types/babel__generator@https://registry.npmjs.org/@types/babel__generator/-/babel__generator-7.27.0.tgz 0ms (cache hit)
816 http cache @types/babel__traverse@https://registry.npmjs.org/@types/babel__traverse/-/babel__traverse-7.28.0.tgz 0ms (cache hit)
817 http cache @babel/helper-string-parser@https://registry.npmjs.org/@babel/helper-string-parser/-/helper-string-parser-7.27.1.tgz 0ms (cache hit)
818 http cache @babel/helper-globals@https://registry.npmjs.org/@babel/helper-globals/-/helper-globals-7.28.0.tgz 0ms (cache hit)
819 http cache @babel/helper-module-imports@https://registry.npmjs.org/@babel/helper-module-imports/-/helper-module-imports-7.28.6.tgz 0ms (cache hit)
820 http cache lru-cache@https://registry.npmjs.org/lru-cache/-/lru-cache-5.1.1.tgz 0ms (cache hit)
821 http cache @babel/helper-plugin-utils@https://registry.npmjs.org/@babel/helper-plugin-utils/-/helper-plugin-utils-7.28.6.tgz 0ms (cache hit)
822 http cache @babel/compat-data@https://registry.npmjs.org/@babel/compat-data/-/compat-data-7.29.0.tgz 0ms (cache hit)
823 http cache jsesc@https://registry.npmjs.org/jsesc/-/jsesc-3.1.0.tgz 0ms (cache hit)
824 http cache browserslist@https://registry.npmjs.org/browserslist/-/browserslist-4.28.1.tgz 0ms (cache hit)
825 http cache @jridgewell/trace-mapping@https://registry.npmjs.org/@jridgewell/trace-mapping/-/trace-mapping-0.3.31.tgz 0ms (cache hit)
826 http cache @babel/helper-validator-option@https://registry.npmjs.org/@babel/helper-validator-option/-/helper-validator-option-7.27.1.tgz 0ms (cache hit)
827 http cache picocolors@https://registry.npmjs.org/picocolors/-/picocolors-1.1.1.tgz 0ms (cache hit)
828 http cache js-tokens@https://registry.npmjs.org/js-tokens/-/js-tokens-4.0.0.tgz 0ms (cache hit)
829 http cache json5@https://registry.npmjs.org/json5/-/json5-2.2.3.tgz 0ms (cache hit)
830 http cache @jridgewell/gen-mapping@https://registry.npmjs.org/@jridgewell/gen-mapping/-/gen-mapping-0.3.13.tgz 0ms (cache hit)
831 http cache @babel/helper-validator-identifier@https://registry.npmjs.org/@babel/helper-validator-identifier/-/helper-validator-identifier-7.28.5.tgz 0ms (cache hit)
832 http cache semver@https://registry.npmjs.org/semver/-/semver-6.3.1.tgz 0ms (cache hit)
833 http cache debug@https://registry.npmjs.org/debug/-/debug-4.4.3.tgz 0ms (cache hit)
834 http cache gensync@https://registry.npmjs.org/gensync/-/gensync-1.0.0-beta.2.tgz 0ms (cache hit)
835 http cache @jridgewell/remapping@https://registry.npmjs.org/@jridgewell/remapping/-/remapping-2.3.5.tgz 0ms (cache hit)
836 http cache @babel/types@https://registry.npmjs.org/@babel/types/-/types-7.29.0.tgz 0ms (cache hit)
837 http cache convert-source-map@https://registry.npmjs.org/convert-source-map/-/convert-source-map-2.0.0.tgz 0ms (cache hit)
838 http cache @babel/traverse@https://registry.npmjs.org/@babel/traverse/-/traverse-7.29.0.tgz 0ms (cache hit)
839 http cache @babel/helpers@https://registry.npmjs.org/@babel/helpers/-/helpers-7.29.2.tgz 0ms (cache hit)
840 http cache @babel/template@https://registry.npmjs.org/@babel/template/-/template-7.28.6.tgz 0ms (cache hit)
841 http cache @babel/parser@https://registry.npmjs.org/@babel/parser/-/parser-7.29.2.tgz 0ms (cache hit)
842 http cache @babel/helper-compilation-targets@https://registry.npmjs.org/@babel/helper-compilation-targets/-/helper-compilation-targets-7.28.6.tgz 0ms (cache hit)
843 http cache @types/babel__core@https://registry.npmjs.org/@types/babel__core/-/babel__core-7.20.5.tgz 0ms (cache hit)
844 http cache @babel/helper-module-transforms@https://registry.npmjs.org/@babel/helper-module-transforms/-/helper-module-transforms-7.28.6.tgz 0ms (cache hit)
845 http cache @babel/generator@https://registry.npmjs.org/@babel/generator/-/generator-7.29.1.tgz 0ms (cache hit)
846 http cache @babel/code-frame@https://registry.npmjs.org/@babel/code-frame/-/code-frame-7.29.0.tgz 0ms (cache hit)
847 http cache @rolldown/pluginutils@https://registry.npmjs.org/@rolldown/pluginutils/-/pluginutils-1.0.0-beta.27.tgz 0ms (cache hit)
848 http cache react-refresh@https://registry.npmjs.org/react-refresh/-/react-refresh-0.17.0.tgz 0ms (cache hit)
849 http cache @babel/plugin-transform-react-jsx-source@https://registry.npmjs.org/@babel/plugin-transform-react-jsx-source/-/plugin-transform-react-jsx-source-7.27.1.tgz 0ms (cache hit)
850 http cache react-dom@https://registry.npmjs.org/react-dom/-/react-dom-18.3.1.tgz 0ms (cache hit)
851 http cache @babel/plugin-transform-react-jsx-self@https://registry.npmjs.org/@babel/plugin-transform-react-jsx-self/-/plugin-transform-react-jsx-self-7.27.1.tgz 0ms (cache hit)
852 http cache @babel/core@https://registry.npmjs.org/@babel/core/-/core-7.29.0.tgz 0ms (cache hit)
853 http cache react@https://registry.npmjs.org/react/-/react-18.3.1.tgz 0ms (cache hit)
854 http cache vite@https://registry.npmjs.org/vite/-/vite-6.4.1.tgz 0ms (cache hit)
855 http cache @vitejs/plugin-react@https://registry.npmjs.org/@vitejs/plugin-react/-/plugin-react-4.7.0.tgz 0ms (cache hit)
856 http fetch POST 200 https://registry.npmjs.org/-/npm/v1/security/advisories/bulk 892ms
857 silly audit report {}
858 info run esbuild@0.25.12 postinstall node_modules/esbuild node install.js
859 info run esbuild@0.25.12 postinstall { code: 0, signal: null }
860 silly ADD node_modules/@types/estree
861 silly ADD node_modules/@rollup/rollup-win32-x64-msvc
862 silly ADD node_modules/@rollup/rollup-win32-x64-gnu
863 silly ADD
864 silly ADD
865 silly ADD
866 silly ADD
867 silly ADD
868 silly ADD
869 silly ADD
870 silly ADD
871 silly ADD
872 silly ADD
873 silly ADD
874 silly ADD
875 silly ADD
876 silly ADD
877 silly ADD
878 silly ADD
879 silly ADD
880 silly ADD
881 silly ADD
882 silly ADD
883 silly ADD
884 silly ADD
885 silly ADD
886 silly ADD node_modules/source-map-js
887 silly ADD node_modules/nanoid
888 silly ADD node_modules/@esbuild/win32-x64
889 silly ADD
890 silly ADD
891 silly ADD
892 silly ADD
893 silly ADD
894 silly ADD
895 silly ADD
896 silly ADD
897 silly ADD
898 silly ADD
899 silly ADD
900 silly ADD
901 silly ADD
902 silly ADD
903 silly ADD
904 silly ADD
905 silly ADD
906 silly ADD
907 silly ADD
908 silly ADD
909 silly ADD
910 silly ADD
911 silly ADD
912 silly ADD
913 silly ADD
914 silly ADD node_modules/tinyglobby
915 silly ADD node_modules/rollup
916 silly ADD node_modules/postcss
917 silly ADD node_modules/picomatch
918 silly ADD
919 silly ADD node_modules/fdir
920 silly ADD node_modules/esbuild
921 silly ADD node_modules/escalade
922 silly ADD node_modules/scheduler
923 silly ADD node_modules/loose-envify
924 silly ADD node_modules/yallist
925 silly ADD node_modules/ms
926 silly ADD node_modules/update-browserslist-db
927 silly ADD node_modules/node-releases
928 silly ADD node_modules/electron-to-chromium
929 silly ADD node_modules/caniuse-lite
930 silly ADD node_modules/baseline-browser-mapping
931 silly ADD node_modules/@types/babel__traverse
932 silly ADD node_modules/@types/babel__template
933 silly ADD node_modules/@types/babel__generator
934 silly ADD node_modules/@jridgewell/resolve-uri
935 silly ADD node_modules/@jridgewell/sourcemap-codec
936 silly ADD node_modules/@babel/helper-string-parser
937 silly ADD node_modules/@babel/helper-globals
938 silly ADD node_modules/@babel/helper-plugin-utils
939 silly ADD node_modules/@babel/helper-module-imports
940 silly ADD node_modules/lru-cache
941 silly ADD node_modules/browserslist
942 silly ADD node_modules/@babel/helper-validator-option
943 silly ADD node_modules/@babel/compat-data
944 silly ADD node_modules/jsesc
945 silly ADD node_modules/@jridgewell/trace-mapping
946 silly ADD node_modules/@jridgewell/gen-mapping
947 silly ADD node_modules/picocolors
948 silly ADD node_modules/js-tokens
949 silly ADD node_modules/@babel/helper-validator-identifier
950 silly ADD node_modules/semver
951 silly ADD node_modules/json5
952 silly ADD node_modules/gensync
953 silly ADD node_modules/debug
954 silly ADD node_modules/convert-source-map
955 silly ADD node_modules/@jridgewell/remapping
956 silly ADD node_modules/@babel/types
957 silly ADD node_modules/@babel/traverse
958 silly ADD node_modules/@babel/template
959 silly ADD node_modules/@babel/parser
960 silly ADD node_modules/@babel/helpers
961 silly ADD node_modules/@babel/helper-module-transforms
962 silly ADD node_modules/@babel/helper-compilation-targets
963 silly ADD node_modules/@babel/generator
964 silly ADD node_modules/@babel/code-frame
965 silly ADD node_modules/react-refresh
966 silly ADD node_modules/@types/babel__core
967 silly ADD node_modules/@rolldown/pluginutils
968 silly ADD node_modules/@babel/plugin-transform-react-jsx-source
969 silly ADD node_modules/@babel/plugin-transform-react-jsx-self
970 silly ADD node_modules/@babel/core
971 silly ADD node_modules/react-dom
972 silly ADD node_modules/react
973 silly ADD node_modules/vite
974 silly ADD node_modules/@vitejs/plugin-react
975 verbose cwd C:\Users\NGUYEN MINH TRI\OneDrive\Desktop\CSPM\frontend
976 verbose os Windows_NT 10.0.26200
977 verbose node v22.19.0
978 verbose npm  v10.9.3
979 verbose exit 0
980 info ok
